Component: ARM Compiler 5.06 update 6 (build 750) Tool: armlink [4d35ed]

==============================================================================

Section Cross References

    main.o(i.advertising_init) refers to memseta.o(.text) for __aeabi_memclr4
    main.o(i.advertising_init) refers to ble_advdata.o(i.ble_advdata_encode) for ble_advdata_encode
    main.o(i.advertising_init) refers to app_error.o(i.app_error_handler_bare) for app_error_handler_bare
    main.o(i.advertising_init) refers to main.o(.constdata) for .constdata
    main.o(i.advertising_init) refers to main.o(.bss) for .bss
    main.o(i.advertising_init) refers to main.o(.data) for .data
    main.o(i.advertising_start) refers to app_error.o(i.app_error_handler_bare) for app_error_handler_bare
    main.o(i.advertising_start) refers to boards.o(i.bsp_board_led_on) for bsp_board_led_on
    main.o(i.advertising_start) refers to main.o(.data) for .data
    main.o(i.assert_nrf_callback) refers to app_error_handler_keil.o(.emb_text) for app_error_handler
    main.o(i.ble_evt_handler) refers to nrf_log_frontend.o(i.nrf_log_frontend_std_0) for nrf_log_frontend_std_0
    main.o(i.ble_evt_handler) refers to boards.o(i.bsp_board_led_on) for bsp_board_led_on
    main.o(i.ble_evt_handler) refers to boards.o(i.bsp_board_led_off) for bsp_board_led_off
    main.o(i.ble_evt_handler) refers to nrf_ble_qwr.o(i.nrf_ble_qwr_conn_handle_assign) for nrf_ble_qwr_conn_handle_assign
    main.o(i.ble_evt_handler) refers to app_error.o(i.app_error_handler_bare) for app_error_handler_bare
    main.o(i.ble_evt_handler) refers to app_button.o(i.app_button_enable) for app_button_enable
    main.o(i.ble_evt_handler) refers to app_button.o(i.app_button_disable) for app_button_disable
    main.o(i.ble_evt_handler) refers to main.o(i.advertising_start) for advertising_start
    main.o(i.ble_evt_handler) refers to main.o(.data) for .data
    main.o(i.ble_evt_handler) refers to nrf_log_frontend.o(log_dynamic_data) for m_nrf_log_app_logs_data_dynamic
    main.o(i.ble_evt_handler) refers to main.o(.bss) for .bss
    main.o(i.button_event_handler) refers to nrf_log_frontend.o(i.nrf_log_frontend_std_0) for nrf_log_frontend_std_0
    main.o(i.button_event_handler) refers to ble_lbs.o(i.ble_lbs_on_button_change) for ble_lbs_on_button_change
    main.o(i.button_event_handler) refers to app_error.o(i.app_error_handler_bare) for app_error_handler_bare
    main.o(i.button_event_handler) refers to nrf_log_frontend.o(log_dynamic_data) for m_nrf_log_app_logs_data_dynamic
    main.o(i.button_event_handler) refers to main.o(.bss) for .bss
    main.o(i.button_event_handler) refers to main.o(.data) for .data
    main.o(i.conn_params_error_handler) refers to app_error.o(i.app_error_handler_bare) for app_error_handler_bare
    main.o(i.demoscr_write_handler) refers to nrf_gfx.o(i.nrf_gfx_init) for nrf_gfx_init
    main.o(i.demoscr_write_handler) refers to app_error.o(i.app_error_handler_bare) for app_error_handler_bare
    main.o(i.demoscr_write_handler) refers to waveshare154_v2_epd.o(i.wsepd154_draw_monobmp) for wsepd154_draw_monobmp
    main.o(i.demoscr_write_handler) refers to nrf_gfx.o(i.nrf_gfx_display) for nrf_gfx_display
    main.o(i.demoscr_write_handler) refers to nrf_gfx.o(i.nrf_gfx_uninit) for nrf_gfx_uninit
    main.o(i.demoscr_write_handler) refers to main.o(.data) for .data
    main.o(i.demoscr_write_handler) refers to img.o(.constdata) for gImage_warning
    main.o(i.led_write_handler) refers to boards.o(i.bsp_board_led_on) for bsp_board_led_on
    main.o(i.led_write_handler) refers to boards.o(i.bsp_board_led_off) for bsp_board_led_off
    main.o(i.led_write_handler) refers to nrf_log_frontend.o(i.nrf_log_frontend_std_0) for nrf_log_frontend_std_0
    main.o(i.led_write_handler) refers to nrf_log_frontend.o(log_dynamic_data) for m_nrf_log_app_logs_data_dynamic
    main.o(i.main) refers to nrf_log_frontend.o(i.nrf_log_init) for nrf_log_init
    main.o(i.main) refers to app_error.o(i.app_error_handler_bare) for app_error_handler_bare
    main.o(i.main) refers to nrf_log_default_backends.o(i.nrf_log_default_backends_init) for nrf_log_default_backends_init
    main.o(i.main) refers to boards.o(i.bsp_board_init) for bsp_board_init
    main.o(i.main) refers to app_timer.o(i.app_timer_init) for app_timer_init
    main.o(i.main) refers to app_button.o(i.app_button_init) for app_button_init
    main.o(i.main) refers to nrf_pwr_mgmt.o(i.nrf_pwr_mgmt_init) for nrf_pwr_mgmt_init
    main.o(i.main) refers to nrf_sdh.o(i.nrf_sdh_enable_request) for nrf_sdh_enable_request
    main.o(i.main) refers to nrf_sdh_ble.o(i.nrf_sdh_ble_default_cfg_set) for nrf_sdh_ble_default_cfg_set
    main.o(i.main) refers to nrf_sdh_ble.o(i.nrf_sdh_ble_enable) for nrf_sdh_ble_enable
    main.o(i.main) refers to nrf_ble_gatt.o(i.nrf_ble_gatt_init) for nrf_ble_gatt_init
    main.o(i.main) refers to nrf_ble_qwr.o(i.nrf_ble_qwr_init) for nrf_ble_qwr_init
[...]
    RTC0_IRQHandler                          0x00026313   Thumb Code     0  arm_startup_nrf52.o(.text)
    RTC2_IRQHandler                          0x00026313   Thumb Code     0  arm_startup_nrf52.o(.text)
    SAADC_IRQHandler                         0x00026313   Thumb Code     0  arm_startup_nrf52.o(.text)
    SPIM1_SPIS1_TWIM1_TWIS1_SPI1_TWI1_IRQHandler 0x00026313   Thumb Code     0  arm_startup_nrf52.o(.text)
    SPIM2_SPIS2_SPI2_IRQHandler              0x00026313   Thumb Code     0  arm_startup_nrf52.o(.text)
    SWI1_EGU1_IRQHandler                     0x00026313   Thumb Code     0  arm_startup_nrf52.o(.text)
    SWI3_EGU3_IRQHandler                     0x00026313   Thumb Code     0  arm_startup_nrf52.o(.text)
    SWI4_EGU4_IRQHandler                     0x00026313   Thumb Code     0  arm_startup_nrf52.o(.text)
    SWI5_EGU5_IRQHandler                     0x00026313   Thumb Code     0  arm_startup_nrf52.o(.text)
    TEMP_IRQHandler                          0x00026313   Thumb Code     0  arm_startup_nrf52.o(.text)
    TIMER0_IRQHandler                        0x00026313   Thumb Code     0  arm_startup_nrf52.o(.text)
    TIMER1_IRQHandler                        0x00026313   Thumb Code     0  arm_startup_nrf52.o(.text)
    TIMER2_IRQHandler                        0x00026313   Thumb Code     0  arm_startup_nrf52.o(.text)
    TIMER3_IRQHandler                        0x00026313   Thumb Code     0  arm_startup_nrf52.o(.text)
    TIMER4_IRQHandler                        0x00026313   Thumb Code     0  arm_startup_nrf52.o(.text)
    WDT_IRQHandler                           0x00026313   Thumb Code     0  arm_startup_nrf52.o(.text)
    __aeabi_llsl                             0x0002631d   Thumb Code    30  llshl.o(.text)
    _ll_shift_l                              0x0002631d   Thumb Code     0  llshl.o(.text)
    __rt_ctype_table                         0x0002633d   Thumb Code     4  ctype_o.o(.text)
    __aeabi_memcpy                           0x00026345   Thumb Code    36  memcpya.o(.text)
    __aeabi_memcpy4                          0x00026345   Thumb Code     0  memcpya.o(.text)
    __aeabi_memcpy8                          0x00026345   Thumb Code     0  memcpya.o(.text)
    __aeabi_memset                           0x00026369   Thumb Code    14  memseta.o(.text)
    __aeabi_memset4                          0x00026369   Thumb Code     0  memseta.o(.text)
    __aeabi_memset8                          0x00026369   Thumb Code     0  memseta.o(.text)
    __aeabi_memclr                           0x00026377   Thumb Code     4  memseta.o(.text)
    __aeabi_memclr4                          0x00026377   Thumb Code     0  memseta.o(.text)
    __aeabi_memclr8                          0x00026377   Thumb Code     0  memseta.o(.text)
    _memset$wrapper                          0x0002637b   Thumb Code    18  memseta.o(.text)
    strlen                                   0x0002638d   Thumb Code    14  strlen.o(.text)
    strcpy                                   0x0002639b   Thumb Code    18  strcpy.o(.text)
    __scatterload                            0x000263ad   Thumb Code    28  init.o(.text)
    __scatterload_rt2                        0x000263ad   Thumb Code     0  init.o(.text)
    __decompress                             0x000263d1   Thumb Code     0  __dczerorl2.o(.text)
    __decompress1                            0x000263d1   Thumb Code    86  __dczerorl2.o(.text)
    GPIOTE_IRQHandler                        0x00026429   Thumb Code   346  nrfx_gpiote.o(i.GPIOTE_IRQHandler)
    POWER_CLOCK_IRQHandler                   0x000265f1   Thumb Code    82  nrfx_clock.o(i.POWER_CLOCK_IRQHandler)
    RTC1_IRQHandler                          0x00026649   Thumb Code    32  app_timer.o(i.RTC1_IRQHandler)
    SEGGER_RTT_Write                         0x0002666d   Thumb Code    54  segger_rtt.o(i.SEGGER_RTT_Write)
    SEGGER_RTT_WriteNoLock                   0x000266a9   Thumb Code    86  segger_rtt.o(i.SEGGER_RTT_WriteNoLock)
    SEGGER_RTT_WriteString                   0x00026705   Thumb Code    26  segger_rtt.o(i.SEGGER_RTT_WriteString)
    SEGGER_RTT_printf                        0x0002671f   Thumb Code    22  segger_rtt_printf.o(i.SEGGER_RTT_printf)
    SEGGER_RTT_vprintf                       0x00026735   Thumb Code   406  segger_rtt_printf.o(i.SEGGER_RTT_vprintf)
    SPIM0_SPIS0_TWIM0_TWIS0_SPI0_TWI0_IRQHandler 0x000268cd   Thumb Code    60  nrfx_spi.o(i.SPIM0_SPIS0_TWIM0_TWIS0_SPI0_TWI0_IRQHandler)
    SWI0_EGU0_IRQHandler                     0x00026911   Thumb Code     4  app_timer.o(i.SWI0_EGU0_IRQHandler)
    SWI2_EGU2_IRQHandler                     0x00026915   Thumb Code     4  nrf_sdh.o(i.SWI2_EGU2_IRQHandler)
    SystemInit                               0x00026919   Thumb Code   726  system_nrf52.o(i.SystemInit)
    UARTE0_UART0_IRQHandler                  0x00026c35   Thumb Code     6  nrfx_prs.o(i.UARTE0_UART0_IRQHandler)
    __scatterload_copy                       0x00026f37   Thumb Code    14  handlers.o(i.__scatterload_copy)
    __scatterload_null                       0x00026f45   Thumb Code     2  handlers.o(i.__scatterload_null)
    __scatterload_zeroinit                   0x00026f47   Thumb Code    14  handlers.o(i.__scatterload_zeroinit)
    app_button_disable                       0x00027055   Thumb Code    38  app_button.o(i.app_button_disable)
    app_button_enable                        0x00027085   Thumb Code    32  app_button.o(i.app_button_enable)
    app_button_init                          0x000270a9   Thumb Code   102  app_button.o(i.app_button_init)
    app_error_fault_handler                  0x00027121   Thumb Code    84  app_error_weak.o(i.app_error_fault_handler)
    app_error_handler_bare                   0x0002719d   Thumb Code    22  app_error.o(i.app_error_handler_bare)
    app_sdc_block_read                       0x000271b5   Thumb Code    84  app_sdcard.o(i.app_sdc_block_read)
    app_sdc_block_write                      0x0002720d   Thumb Code   104  app_sdcard.o(i.app_sdc_block_write)
    app_sdc_busy_check                       0x00027279   Thumb Code    24  app_sdcard.o(i.app_sdc_busy_check)
    app_sdc_info_get                         0x00027295   Thumb Code    18  app_sdcard.o(i.app_sdc_info_get)
    app_sdc_init                             0x000272ad   Thumb Code   190  app_sdcard.o(i.app_sdc_init)
    app_sdc_uninit                           0x00027379   Thumb Code    62  app_sdcard.o(i.app_sdc_uninit)
    app_timer_create                         0x000273c1   Thumb Code    36  app_timer.o(i.app_timer_create)
    app_timer_init                           0x000273e9   Thumb Code    70  app_timer.o(i.app_timer_init)
    app_timer_start                          0x0002743d   Thumb Code   128  app_timer.o(i.app_timer_start)
    app_timer_stop                           0x000274c5   Thumb Code    26  app_timer.o(i.app_timer_stop)
    app_util_critical_region_enter           0x000274e5   Thumb Code    64  app_util_platform.o(i.app_util_critical_region_enter)
    app_util_critical_region_exit            0x0002752d   Thumb Code    46  app_util_platform.o(i.app_util_critical_region_exit)
    ble_advdata_encode                       0x00027671   Thumb Code   386  ble_advdata.o(i.ble_advdata_encode)
    ble_conn_params_init                     0x000277f5   Thumb Code    90  ble_conn_params.o(i.ble_conn_params_init)
    ble_lbs_init                             0x00027bad   Thumb Code    82  ble_lbs.o(i.ble_lbs_init)
    ble_lbs_on_ble_evt                       0x00027c05   Thumb Code    46  ble_lbs.o(i.ble_lbs_on_ble_evt)
    ble_lbs_on_button_change                 0x00027c33   Thumb Code    46  ble_lbs.o(i.ble_lbs_on_button_change)
    ble_sf_service_on_ble_evt                0x00027c61   Thumb Code    64  safecity_service.o(i.ble_sf_service_on_ble_evt)
    ble_srv_is_notification_enabled          0x00027ca1   Thumb Code     8  ble_srv_common.o(i.ble_srv_is_notification_enabled)
    bsp_board_init                           0x00027eb9   Thumb Code    80  boards.o(i.bsp_board_init)
    bsp_board_led_off                        0x00027f0d   Thumb Code    10  boards.o(i.bsp_board_led_off)
    bsp_board_led_on                         0x00027f1d   Thumb Code    10  boards.o(i.bsp_board_led_on)
    bsp_board_leds_off                       0x00027f2d   Thumb Code    18  boards.o(i.bsp_board_leds_off)
    buffer_is_empty                          0x00027ff1   Thumb Code    16  nrf_log_frontend.o(i.buffer_is_empty)
    conn_handle_list_get                     0x0002840d   Thumb Code    62  ble_conn_state.o(i.conn_handle_list_get)
    disk_initialize                          0x00028a75   Thumb Code   114  diskio_blkdev.o(i.disk_initialize)
    disk_ioctl                               0x00028af5   Thumb Code   118  diskio_blkdev.o(i.disk_ioctl)
    disk_read                                0x00028b71   Thumb Code   120  diskio_blkdev.o(i.disk_read)
    disk_status                              0x00028bed   Thumb Code    26  diskio_blkdev.o(i.disk_status)
    disk_write                               0x00028c0d   Thumb Code   130  diskio_blkdev.o(i.disk_write)
    diskio_blockdev_register                 0x00028c95   Thumb Code     8  diskio_blkdev.o(i.diskio_blockdev_register)
    f_close                                  0x00028cf5   Thumb Code    30  ff.o(i.f_close)
    f_mount                                  0x00028d15   Thumb Code    72  ff.o(i.f_mount)
    f_open                                   0x00028d61   Thumb Code   432  ff.o(i.f_open)
    f_sync                                   0x00028f15   Thumb Code   138  ff.o(i.f_sync)
    f_write                                  0x00028fa5   Thumb Code   382  ff.o(i.f_write)
    main                                     0x00029a75   Thumb Code   362  main.o(i.main)
    nrf_atflags_clear                        0x00029e67   Thumb Code    22  nrf_atflags.o(i.nrf_atflags_clear)
    nrf_atflags_get                          0x00029e7d   Thumb Code    22  nrf_atflags.o(i.nrf_atflags_get)
    nrf_atflags_set                          0x00029e93   Thumb Code    20  nrf_atflags.o(i.nrf_atflags_set)
    nrf_atomic_flag_clear_fetch              0x00029ea7   Thumb Code     6  nrf_atomic.o(i.nrf_atomic_flag_clear_fetch)
    nrf_atomic_flag_set                      0x00029ead   Thumb Code     6  nrf_atomic.o(i.nrf_atomic_flag_set)
    nrf_atomic_u32_add                       0x00029eb3   Thumb Code    12  nrf_atomic.o(i.nrf_atomic_u32_add)
    nrf_atomic_u32_and                       0x00029ebf   Thumb Code    12  nrf_atomic.o(i.nrf_atomic_u32_and)
    nrf_atomic_u32_fetch_and                 0x00029ecb   Thumb Code    10  nrf_atomic.o(i.nrf_atomic_u32_fetch_and)
    nrf_atomic_u32_fetch_store               0x00029ed5   Thumb Code    10  nrf_atomic.o(i.nrf_atomic_u32_fetch_store)
    nrf_atomic_u32_or                        0x00029edf   Thumb Code    12  nrf_atomic.o(i.nrf_atomic_u32_or)
    nrf_atomic_u32_sub                       0x00029eeb   Thumb Code    12  nrf_atomic.o(i.nrf_atomic_u32_sub)
    nrf_balloc_alloc                         0x00029ef7   Thumb Code    68  nrf_balloc.o(i.nrf_balloc_alloc)
    nrf_balloc_free                          0x00029f3b   Thumb Code    48  nrf_balloc.o(i.nrf_balloc_free)
    nrf_balloc_init                          0x00029f6b   Thumb Code    48  nrf_balloc.o(i.nrf_balloc_init)
    nrf_ble_gatt_init                        0x00029fbf   Thumb Code    34  nrf_ble_gatt.o(i.nrf_ble_gatt_init)
    nrf_ble_gatt_on_ble_evt                  0x00029fe1   Thumb Code   266  nrf_ble_gatt.o(i.nrf_ble_gatt_on_ble_evt)
    nrf_ble_qwr_conn_handle_assign           0x0002a129   Thumb Code    22  nrf_ble_qwr.o(i.nrf_ble_qwr_conn_handle_assign)
    nrf_ble_qwr_init                         0x0002a13f   Thumb Code    36  nrf_ble_qwr.o(i.nrf_ble_qwr_init)
    nrf_ble_qwr_on_ble_evt                   0x0002a163   Thumb Code   182  nrf_ble_qwr.o(i.nrf_ble_qwr_on_ble_evt)
    nrf_drv_clock_init                       0x0002a25d   Thumb Code    48  nrf_drv_clock.o(i.nrf_drv_clock_init)
    nrf_drv_clock_lfclk_release              0x0002a295   Thumb Code    42  nrf_drv_clock.o(i.nrf_drv_clock_lfclk_release)
    nrf_drv_spi_init                         0x0002a2c5   Thumb Code    30  nrf_drv_spi.o(i.nrf_drv_spi_init)
    nrf_drv_uart_init                        0x0002a305   Thumb Code    90  nrf_drv_uart.o(i.nrf_drv_uart_init)
    nrf_fprintf                              0x0002a36d   Thumb Code    26  nrf_fprintf.o(i.nrf_fprintf)
    nrf_fprintf_buffer_flush                 0x0002a387   Thumb Code    24  nrf_fprintf.o(i.nrf_fprintf_buffer_flush)
    nrf_fprintf_fmt                          0x0002a39f   Thumb Code   474  nrf_fprintf_format.o(i.nrf_fprintf_fmt)
    nrf_gfx_circle_draw                      0x0002a579   Thumb Code   496  nrf_gfx.o(i.nrf_gfx_circle_draw)
    nrf_gfx_display                          0x0002a769   Thumb Code     4  nrf_gfx.o(i.nrf_gfx_display)
    nrf_gfx_init                             0x0002a76d   Thumb Code    20  nrf_gfx.o(i.nrf_gfx_init)
    nrf_gfx_print                            0x0002a781   Thumb Code   176  nrf_gfx.o(i.nrf_gfx_print)
    nrf_gfx_rotation_set                     0x0002a831   Thumb Code    70  nrf_gfx.o(i.nrf_gfx_rotation_set)
    nrf_gfx_screen_fill                      0x0002a877   Thumb Code    22  nrf_gfx.o(i.nrf_gfx_screen_fill)
    nrf_gfx_uninit                           0x0002a88d   Thumb Code    10  nrf_gfx.o(i.nrf_gfx_uninit)
    nrf_log_backend_add                      0x0002aae9   Thumb Code    74  nrf_log_frontend.o(i.nrf_log_backend_add)
    nrf_log_backend_serial_put               0x0002ab39   Thumb Code   200  nrf_log_backend_serial.o(i.nrf_log_backend_serial_put)
    nrf_log_backend_uart_init                0x0002ac03   Thumb Code     6  nrf_log_backend_uart.o(i.nrf_log_backend_uart_init)
    nrf_log_color_id_get                     0x0002ac4d   Thumb Code    42  nrf_log_frontend.o(i.nrf_log_color_id_get)
    nrf_log_default_backends_init            0x0002ac7d   Thumb Code    22  nrf_log_default_backends.o(i.nrf_log_default_backends_init)
    nrf_log_frontend_dequeue                 0x0002ac99   Thumb Code   510  nrf_log_frontend.o(i.nrf_log_frontend_dequeue)
    nrf_log_frontend_std_0                   0x0002aeb9   Thumb Code     8  nrf_log_frontend.o(i.nrf_log_frontend_std_0)
    nrf_log_frontend_std_1                   0x0002aec1   Thumb Code    14  nrf_log_frontend.o(i.nrf_log_frontend_std_1)
    nrf_log_frontend_std_2                   0x0002aecf   Thumb Code    16  nrf_log_frontend.o(i.nrf_log_frontend_std_2)
    nrf_log_hexdump_entry_process            0x0002aee1   Thumb Code   146  nrf_log_str_formatter.o(i.nrf_log_hexdump_entry_process)
    nrf_log_init                             0x0002af8d   Thumb Code    66  nrf_log_frontend.o(i.nrf_log_init)
    nrf_log_module_cnt_get                   0x0002afe5   Thumb Code    10  nrf_log_frontend.o(i.nrf_log_module_cnt_get)
    nrf_log_module_name_get                  0x0002aff9   Thumb Code    24  nrf_log_frontend.o(i.nrf_log_module_name_get)
    nrf_log_panic                            0x0002b015   Thumb Code    34  nrf_log_frontend.o(i.nrf_log_panic)
    nrf_log_std_entry_process                0x0002b03d   Thumb Code   182  nrf_log_str_formatter.o(i.nrf_log_std_entry_process)
    nrf_memobj_alloc                         0x0002b0f3   Thumb Code    96  nrf_memobj.o(i.nrf_memobj_alloc)
    nrf_memobj_free                          0x0002b153   Thumb Code    50  nrf_memobj.o(i.nrf_memobj_free)
    nrf_memobj_get                           0x0002b185   Thumb Code     8  nrf_memobj.o(i.nrf_memobj_get)
    nrf_memobj_pool_init                     0x0002b18d   Thumb Code     4  nrf_memobj.o(i.nrf_memobj_pool_init)
    nrf_memobj_put                           0x0002b191   Thumb Code    30  nrf_memobj.o(i.nrf_memobj_put)
    nrf_memobj_read                          0x0002b1af   Thumb Code    12  nrf_memobj.o(i.nrf_memobj_read)
    nrf_memobj_write                         0x0002b1bb   Thumb Code    12  nrf_memobj.o(i.nrf_memobj_write)
    nrf_pwr_mgmt_init                        0x0002b1c9   Thumb Code    28  nrf_pwr_mgmt.o(i.nrf_pwr_mgmt_init)
    nrf_pwr_mgmt_run                         0x0002b1f1   Thumb Code    64  nrf_pwr_mgmt.o(i.nrf_pwr_mgmt_run)
    nrf_sdh_ble_app_ram_start_get            0x0002b239   Thumb Code    16  nrf_sdh_ble.o(i.nrf_sdh_ble_app_ram_start_get)
    nrf_sdh_ble_default_cfg_set              0x0002b24d   Thumb Code   240  nrf_sdh_ble.o(i.nrf_sdh_ble_default_cfg_set)
    nrf_sdh_ble_enable                       0x0002b355   Thumb Code   116  nrf_sdh_ble.o(i.nrf_sdh_ble_enable)
    nrf_sdh_enable_request                   0x0002b4dd   Thumb Code   130  nrf_sdh.o(i.nrf_sdh_enable_request)
    nrf_sdh_evts_poll                        0x0002b56d   Thumb Code    32  nrf_sdh.o(i.nrf_sdh_evts_poll)
    nrf_sdh_is_enabled                       0x0002b591   Thumb Code     6  nrf_sdh.o(i.nrf_sdh_is_enabled)
    nrf_section_iter_init                    0x0002b5d9   Thumb Code    10  nrf_section_iter.o(i.nrf_section_iter_init)
    nrf_section_iter_next                    0x0002b607   Thumb Code    32  nrf_section_iter.o(i.nrf_section_iter_next)
    nrf_strerror_find                        0x0002b629   Thumb Code    52  nrf_strerror.o(i.nrf_strerror_find)
    nrf_strerror_get                         0x0002b661   Thumb Code    14  nrf_strerror.o(i.nrf_strerror_get)
    nrfx_clock_enable                        0x0002b6ad   Thumb Code    36  nrfx_clock.o(i.nrfx_clock_enable)
    nrfx_clock_init                          0x0002b6d9   Thumb Code    26  nrfx_clock.o(i.nrfx_clock_init)
    nrfx_clock_lfclk_stop                    0x0002b6f9   Thumb Code    20  nrfx_clock.o(i.nrfx_clock_lfclk_stop)
    nrfx_gpiote_in_event_disable             0x0002b725   Thumb Code    66  nrfx_gpiote.o(i.nrfx_gpiote_in_event_disable)
    nrfx_gpiote_in_event_enable              0x0002b76d   Thumb Code   156  nrfx_gpiote.o(i.nrfx_gpiote_in_event_enable)
    nrfx_gpiote_in_init                      0x0002b811   Thumb Code   194  nrfx_gpiote.o(i.nrfx_gpiote_in_init)
    nrfx_gpiote_in_is_set                    0x0002b8e1   Thumb Code    20  nrfx_gpiote.o(i.nrfx_gpiote_in_is_set)
    nrfx_gpiote_init                         0x0002b8f5   Thumb Code    98  nrfx_gpiote.o(i.nrfx_gpiote_init)
    nrfx_gpiote_is_init                      0x0002b965   Thumb Code    14  nrfx_gpiote.o(i.nrfx_gpiote_is_init)
    nrfx_prs_acquire                         0x0002b989   Thumb Code    58  nrfx_prs.o(i.nrfx_prs_acquire)
    nrfx_prs_release                         0x0002b9c3   Thumb Code    18  nrfx_prs.o(i.nrfx_prs_release)
    nrfx_spi_init                            0x0002b9d5   Thumb Code   408  nrfx_spi.o(i.nrfx_spi_init)
    nrfx_spi_uninit                          0x0002bb75   Thumb Code   102  nrfx_spi.o(i.nrfx_spi_uninit)
    nrfx_spi_xfer                            0x0002bbe1   Thumb Code    96  nrfx_spi.o(i.nrfx_spi_xfer)
    nrfx_uart_0_irq_handler                  0x0002bc45   Thumb Code     8  nrfx_uart.o(i.nrfx_uart_0_irq_handler)
    nrfx_uart_init                           0x0002bc55   Thumb Code   200  nrfx_uart.o(i.nrfx_uart_init)
    nrfx_uart_tx                             0x0002bd29   Thumb Code   160  nrfx_uart.o(i.nrfx_uart_tx)
    nrfx_uart_tx_in_progress                 0x0002bdcd   Thumb Code    26  nrfx_uart.o(i.nrfx_uart_tx_in_progress)
    nrfx_uart_uninit                         0x0002bded   Thumb Code   170  nrfx_uart.o(i.nrfx_uart_uninit)
    nrfx_uarte_0_irq_handler                 0x0002bea1   Thumb Code     8  nrfx_uarte.o(i.nrfx_uarte_0_irq_handler)
    nrfx_uarte_init                          0x0002beb1   Thumb Code   100  nrfx_uarte.o(i.nrfx_uarte_init)
    nrfx_uarte_tx                            0x0002bf1d   Thumb Code   138  nrfx_uarte.o(i.nrfx_uarte_tx)
    nrfx_uarte_tx_in_progress                0x0002bfad   Thumb Code    22  nrfx_uarte.o(i.nrfx_uarte_tx_in_progress)
    nrfx_uarte_uninit                        0x0002bfc9   Thumb Code   166  nrfx_uarte.o(i.nrfx_uarte_uninit)
    sd_card_init                             0x0002c551   Thumb Code   124  sd_card_app.o(i.sd_card_init)
    sf_service_init                          0x0002d155   Thumb Code    80  safecity_service.o(i.sf_service_init)
    writeFile                                0x0002df0d   Thumb Code    94  sd_card_app.o(i.writeFile)
    wsepd154_display                         0x0002e0b5   Thumb Code    76  waveshare154_v2_epd.o(i.wsepd154_display)
    wsepd154_display_invert                  0x0002e105   Thumb Code     2  waveshare154_v2_epd.o(i.wsepd154_display_invert)
    wsepd154_draw_monobmp                    0x0002e109   Thumb Code    40  waveshare154_v2_epd.o(i.wsepd154_draw_monobmp)
    wsepd154_init                            0x0002e135   Thumb Code    30  waveshare154_v2_epd.o(i.wsepd154_init)
    wsepd154_pixel_draw                      0x0002e159   Thumb Code   122  waveshare154_v2_epd.o(i.wsepd154_pixel_draw)
    wsepd154_rect_draw                       0x0002e225   Thumb Code    52  waveshare154_v2_epd.o(i.wsepd154_rect_draw)
    wsepd154_rotation_set                    0x0002e259   Thumb Code     6  waveshare154_v2_epd.o(i.wsepd154_rotation_set)
    wsepd154_uninit                          0x0002e265   Thumb Code    30  waveshare154_v2_epd.o(i.wsepd154_uninit)
    orkney_24ptBitmaps                       0x0002e288   Data       12079  main.o(.constdata)
    orkney_24ptDescriptors                   0x000311b8   Data         376  main.o(.constdata)
    orkney_24ptFontInfo                      0x00031330   Data          12  main.o(.constdata)
    gImage_warning                           0x000313b8   Data        5000  img.o(.constdata)
    nrf_block_device_sdc_ops                 0x00032948   Data          24  nrf_block_dev_sdc.o(.constdata)
    nrf_log_backend_uart_api                 0x000329a8   Data          12  nrf_log_backend_uart.o(.constdata)
    m_ram_start                              0x00032a5c   Data           4  nrf_sdh_ble.o(.constdata)
    __ctype_table                            0x00032a88   Data         129  ctype_o.o(.constdata)
    Region$$Table$$Base                      0x0003322c   Number         0  anon$$obj.o(Region$$Table)
    Region$$Table$$Limit                     0x0003324c   Number         0  anon$$obj.o(Region$$Table)
    log_const_data$$Base                     0x0003324c   Number         0  nrf_ble_gatt.o(log_const_data)
    m_nrf_log_nrf_ble_gatt_logs_data_const   0x0003324c   Data           8  nrf_ble_gatt.o(log_const_data)
    m_nrf_log_clock_logs_data_const          0x00033254   Data           8  nrf_drv_clock.o(log_const_data)
    m_nrf_log_CLOCK_logs_data_const          0x0003325c   Data           8  nrfx_clock.o(log_const_data)
    m_nrf_log_GPIOTE_logs_data_const         0x00033264   Data           8  nrfx_gpiote.o(log_const_data)
    m_nrf_log_PRS_logs_data_const            0x0003326c   Data           8  nrfx_prs.o(log_const_data)
    m_nrf_log_UART_logs_data_const           0x00033274   Data           8  nrfx_uart.o(log_const_data)
    m_nrf_log_UARTE_logs_data_const          0x0003327c   Data           8  nrfx_uarte.o(log_const_data)
    m_nrf_log_SPI_logs_data_const            0x00033284   Data           8  nrfx_spi.o(log_const_data)
    m_nrf_log_pwr_mgmt_logs_data_const       0x0003328c   Data           8  nrf_pwr_mgmt.o(log_const_data)
    m_nrf_log_gfx_logs_data_const            0x00033294   Data           8  nrf_gfx.o(log_const_data)
    m_nrf_log_balloc_log_mempool_logs_data_const 0x0003329c   Data           8  nrf_log_frontend.o(log_const_data)
    m_nrf_log_app_logs_data_const            0x000332a4   Data           8  nrf_log_frontend.o(log_const_data)
    m_nrf_log_nrf_sdh_logs_data_const        0x000332ac   Data           8  nrf_sdh.o(log_const_data)
    m_nrf_log_nrf_sdh_ble_logs_data_const    0x000332b4   Data           8  nrf_sdh_ble.o(log_const_data)
    m_nrf_log_nrf_sdh_soc_logs_data_const    0x000332bc   Data           8  nrf_sdh_soc.o(log_const_data)
    log_const_data$$Limit                    0x000332c4   Number         0  nrf_sdh_soc.o(log_const_data)
    log_mempool                              0x000332c4   Data          24  nrf_log_frontend.o(nrf_balloc)
    sdh_ble_observers0$$Base                 0x000332dc   Number         0  ble_conn_state.o(sdh_ble_observers0)
    sdh_ble_observers0$$Limit                0x000332e4   Number         0  ble_conn_state.o(sdh_ble_observers0)
    sdh_ble_observers1$$Base                 0x000332e4   Number         0  main.o(sdh_ble_observers1)
    sdh_ble_observers1$$Limit                0x000332f4   Number         0  ble_conn_params.o(sdh_ble_observers1)
    sdh_ble_observers2$$Base                 0x000332f4   Number         0  main.o(sdh_ble_observers2)
    sdh_ble_observers2$$Limit                0x00033304   Number         0  main.o(sdh_ble_observers2)
    sdh_ble_observers3$$Base                 0x00033304   Number         0  main.o(sdh_ble_observers3)
    sdh_ble_observers3$$Limit                0x00033314   Number         0  main.o(sdh_ble_observers3)
    sdh_soc_observers0$$Base                 0x00033314   Number         0  nrf_drv_clock.o(sdh_soc_observers0)
    sdh_soc_observers0$$Limit                0x0003331c   Number         0  nrf_drv_clock.o(sdh_soc_observers0)
    sdh_stack_observers0$$Base               0x0003331c   Number         0  nrf_sdh_ble.o(sdh_stack_observers0)
    sdh_stack_observers0$$Limit              0x0003332c   Number         0  nrf_sdh_soc.o(sdh_stack_observers0)
    sdh_state_observers0$$Base               0x0003332c   Number         0  nrf_drv_clock.o(sdh_state_observers0)
    sdh_state_observers0$$Limit              0x00033334   Number         0  nrf_drv_clock.o(sdh_state_observers0)
    Image$$RW_IRAM1$$Base                    0x200022b8   Number         0  anon$$obj.o ABSOLUTE
    nrf_drv_uart_use_easy_dma                0x2000230c   Data           1  nrf_drv_uart.o(.data)
    m_uart                                   0x20002370   Data          20  nrf_log_backend_uart.o(.data)
    SystemCoreClock                          0x200023e4   Data           4  system_nrf52.o(.data)
    log_dynamic_data$$Base                   0x200023e8   Number         0  nrf_ble_gatt.o(log_dynamic_data)
    m_nrf_log_nrf_ble_gatt_logs_data_dynamic 0x200023e8   Data           4  nrf_ble_gatt.o(log_dynamic_data)
    m_nrf_log_clock_logs_data_dynamic        0x200023ec   Data           4  nrf_drv_clock.o(log_dynamic_data)
    m_nrf_log_CLOCK_logs_data_dynamic        0x200023f0   Data           4  nrfx_clock.o(log_dynamic_data)
    m_nrf_log_GPIOTE_logs_data_dynamic       0x200023f4   Data           4  nrfx_gpiote.o(log_dynamic_data)
    m_nrf_log_PRS_logs_data_dynamic          0x200023f8   Data           4  nrfx_prs.o(log_dynamic_data)
    m_nrf_log_UART_logs_data_dynamic         0x200023fc   Data           4  nrfx_uart.o(log_dynamic_data)
    m_nrf_log_UARTE_logs_data_dynamic        0x20002400   Data           4  nrfx_uarte.o(log_dynamic_data)
    m_nrf_log_SPI_logs_data_dynamic          0x20002404   Data           4  nrfx_spi.o(log_dynamic_data)
    m_nrf_log_pwr_mgmt_logs_data_dynamic     0x20002408   Data           4  nrf_pwr_mgmt.o(log_dynamic_data)
    m_nrf_log_gfx_logs_data_dynamic          0x2000240c   Data           4  nrf_gfx.o(log_dynamic_data)
    m_nrf_log_balloc_log_mempool_logs_data_dynamic 0x20002410   Data           4  nrf_log_frontend.o(log_dynamic_data)
    m_nrf_log_app_logs_data_dynamic          0x20002414   Data           4  nrf_log_frontend.o(log_dynamic_data)
    m_nrf_log_nrf_sdh_logs_data_dynamic      0x20002418   Data           4  nrf_sdh.o(log_dynamic_data)
    m_nrf_log_nrf_sdh_ble_logs_data_dynamic  0x2000241c   Data           4  nrf_sdh_ble.o(log_dynamic_data)
    m_nrf_log_nrf_sdh_soc_logs_data_dynamic  0x20002420   Data           4  nrf_sdh_soc.o(log_dynamic_data)
    screen_buffer                            0x200024aa   Data        5000  waveshare154_v2_epd.o(.bss)
    nrf_nvic_state                           0x200043f0   Data          12  app_util_platform.o(.bss)
    _SEGGER_RTT                              0x20004988   Data         120  segger_rtt.o(.bss)
    __initial_sp                             0x20006c10   Data           0  arm_startup_nrf52.o(STACK)



==============================================================================

Memory Map of the image

  Image Entry point : 0x00026201

  Load Region LR_IROM1 (Base: 0x00026000, Size: 0x0000d4a0, Max: 0x0005a000, ABSOLUTE, COMPRESSED[0x0000d39c])

    Execution Region ER_IROM1 (Exec base: 0x00026000, Load base: 0x00026000, Size: 0x0000d334, Max: 0x0005a000, ABSOLUTE)

    Exec Addr    Load Addr    Size         Type   Attr      Idx    E Section Name        Object

    0x00026000   0x00026000   0x00000200   Data   RO         5480    RESET               arm_startup_nrf52.o
    0x00026200   0x00026200   0x00000000   Code   RO         5521  * .ARM.Collect$$$$00000000  mc_w.l(entry.o)
    0x00026200   0x00026200   0x00000004   Code   RO         5601    .ARM.Collect$$$$00000001  mc_w.l(entry2.o)
    0x00026204   0x00026204   0x00000004   Code   RO         5604    .ARM.Collect$$$$00000004  mc_w.l(entry5.o)
    0x00026208   0x00026208   0x00000000   Code   RO         5606    .ARM.Collect$$$$00000008  mc_w.l(entry7b.o)
    0x00026208   0x00026208   0x00000000   Code   RO         5608    .ARM.Collect$$$$0000000A  mc_w.l(entry8b.o)
    0x00026208   0x00026208   0x00000008   Code   RO         5609    .ARM.Collect$$$$0000000B  mc_w.l(entry9a.o)
    0x00026210   0x00026210   0x00000000   Code   RO         5611    .ARM.Collect$$$$0000000D  mc_w.l(entry10a.o)
    0x00026210   0x00026210   0x00000000   Code   RO         5613    .ARM.Collect$$$$0000000F  mc_w.l(entry11a.o)
    0x00026210   0x00026210   0x00000004   Code   RO         5602    .ARM.Collect$$$$00002712  mc_w.l(entry2.o)
    0x00026214   0x00026214   0x000000e2   Code   RO         3703    .emb_text           nrf_atomic.o
    0x000262f6   0x000262f6   0x00000002   PAD
    0x000262f8   0x000262f8   0x00000024   Code   RO         5481    .text               arm_startup_nrf52.o
    0x0002631c   0x0002631c   0x0000001e   Code   RO         5529    .text               mc_w.l(llshl.o)
    0x0002633a   0x0002633a   0x00000002   PAD
    0x0002633c   0x0002633c   0x00000008   Code   RO         5531    .text               mc_w.l(ctype_o.o)
    0x00026344   0x00026344   0x00000024   Code   RO         5559    .text               mc_w.l(memcpya.o)
    0x00026368   0x00026368   0x00000024   Code   RO         5561    .text               mc_w.l(memseta.o)
    0x0002638c   0x0002638c   0x0000000e   Code   RO         5563    .text               mc_w.l(strlen.o)
    0x0002639a   0x0002639a   0x00000012   Code   RO         5569    .text               mc_w.l(strcpy.o)
    0x000263ac   0x000263ac   0x00000024   Code   RO         5619    .text               mc_w.l(init.o)
    0x000263d0   0x000263d0   0x00000056   Code   RO         5629    .text               mc_w.l(__dczerorl2.o)
    0x00026426   0x00026426   0x00000002   PAD
    0x00026428   0x00026428   0x00000164   Code   RO         2221    i.GPIOTE_IRQHandler  nrfx_gpiote.o
    0x0002658c   0x0002658c   0x00000016   Code   RO         3278    i.NVIC_ClearPendingIRQ  app_timer.o
    0x000265a2   0x000265a2   0x00000016   Code   RO         3279    i.NVIC_EnableIRQ    app_timer.o
    0x000265b8   0x000265b8   0x00000016   Code   RO         3280    i.NVIC_SetPendingIRQ  app_timer.o
    0x000265ce   0x000265ce   0x00000020   Code   RO         3281    i.NVIC_SetPriority  app_timer.o
    0x000265ee   0x000265ee   0x00000002   PAD
    0x000265f0   0x000265f0   0x00000058   Code   RO         2089    i.POWER_CLOCK_IRQHandler  nrfx_clock.o
    0x00026648   0x00026648   0x00000024   Code   RO         3282    i.RTC1_IRQHandler   app_timer.o
    0x0002666c   0x0002666c   0x0000003c   Code   RO         4932    i.SEGGER_RTT_Write  segger_rtt.o
    0x000266a8   0x000266a8   0x0000005c   Code   RO         4933    i.SEGGER_RTT_WriteNoLock  segger_rtt.o
    0x00026704   0x00026704   0x0000001a   Code   RO         4935    i.SEGGER_RTT_WriteString  segger_rtt.o
    0x0002671e   0x0002671e   0x00000016   Code   RO         5217    i.SEGGER_RTT_printf  segger_rtt_printf.o
    0x00026734   0x00026734   0x00000196   Code   RO         5218    i.SEGGER_RTT_vprintf  segger_rtt_printf.o
    0x000268ca   0x000268ca   0x00000002   PAD
    0x000268cc   0x000268cc   0x00000044   Code   RO         2911    i.SPIM0_SPIS0_TWIM0_TWIS0_SPI0_TWI0_IRQHandler  nrfx_spi.o
    0x00026910   0x00026910   0x00000004   Code   RO         3283    i.SWI0_EGU0_IRQHandler  app_timer.o
    0x00026914   0x00026914   0x00000004   Code   RO         5267    i.SWI2_EGU2_IRQHandler  nrf_sdh.o
    0x00026918   0x00026918   0x0000031c   Code   RO         5489    i.SystemInit        system_nrf52.o
    0x00026c34   0x00026c34   0x0000000c   Code   RO         2520    i.UARTE0_UART0_IRQHandler  nrfx_prs.o
    0x00026c40   0x00026c40   0x00000068   Code   RO         4937    i._DoInit           segger_rtt.o
    0x00026ca8   0x00026ca8   0x00000016   Code   RO         4938    i._GetAvailWriteSpace  segger_rtt.o
    0x00026cbe   0x00026cbe   0x00000002   PAD
    0x00026cc0   0x00026cc0   0x000000c6   Code   RO         5219    i._PrintInt         segger_rtt_printf.o
    0x00026d86   0x00026d86   0x00000002   PAD
    0x00026d88   0x00026d88   0x000000d4   Code   RO         5220    i._PrintUnsigned    segger_rtt_printf.o
    0x00026e5c   0x00026e5c   0x0000003e   Code   RO         5221    i._StoreChar        segger_rtt_printf.o
    0x00026e9a   0x00026e9a   0x0000005a   Code   RO         4940    i._WriteBlocking    segger_rtt.o
    0x00026ef4   0x00026ef4   0x00000042   Code   RO         4941    i._WriteNoCheck     segger_rtt.o
    0x00026f36   0x00026f36   0x0000000e   Code   RO         5623    i.__scatterload_copy  mc_w.l(handlers.o)
    0x00026f44   0x00026f44   0x00000002   Code   RO         5624    i.__scatterload_null  mc_w.l(handlers.o)
    0x00026f46   0x00026f46   0x0000000e   Code   RO         5625    i.__scatterload_zeroinit  mc_w.l(handlers.o)
    0x00026f54   0x00026f54   0x00000024   Code   RO         5268    i.__sd_nvic_app_accessible_irq  nrf_sdh.o
    0x00026f78   0x00026f78   0x00000016   Code   RO         5269    i.__sd_nvic_is_app_accessible_priority  nrf_sdh.o
    0x00026f8e   0x00026f8e   0x00000002   PAD
    0x00026f90   0x00026f90   0x000000a4   Code   RO            4    i.advertising_init  main.o
    0x00027034   0x00027034   0x00000020   Code   RO            5    i.advertising_start  main.o
    0x00027054   0x00027054   0x00000030   Code   RO         3020    i.app_button_disable  app_button.o
    0x00027084   0x00027084   0x00000024   Code   RO         3021    i.app_button_enable  app_button.o
    0x000270a8   0x000270a8   0x00000078   Code   RO         3022    i.app_button_init   app_button.o
    0x00027120   0x00027120   0x0000007c   Code   RO         3168    i.app_error_fault_handler  app_error_weak.o
    0x0002719c   0x0002719c   0x00000016   Code   RO         3108    i.app_error_handler_bare  app_error.o
    0x000271b2   0x000271b2   0x00000002   PAD
    0x000271b4   0x000271b4   0x00000058   Code   RO         4302    i.app_sdc_block_read  app_sdcard.o
    0x0002720c   0x0002720c   0x0000006c   Code   RO         4303    i.app_sdc_block_write  app_sdcard.o
    0x00027278   0x00027278   0x0000001c   Code   RO         4304    i.app_sdc_busy_check  app_sdcard.o
    0x00027294   0x00027294   0x00000018   Code   RO         4305    i.app_sdc_info_get  app_sdcard.o
    0x000272ac   0x000272ac   0x000000cc   Code   RO         4306    i.app_sdc_init      app_sdcard.o
    0x00027378   0x00027378   0x00000048   Code   RO         4307    i.app_sdc_uninit    app_sdcard.o
    0x000273c0   0x000273c0   0x00000028   Code   RO         3286    i.app_timer_create  app_timer.o
    0x000273e8   0x000273e8   0x00000054   Code   RO         3287    i.app_timer_init    app_timer.o
    0x0002743c   0x0002743c   0x00000088   Code   RO         3290    i.app_timer_start   app_timer.o
    0x000274c4   0x000274c4   0x00000020   Code   RO         3291    i.app_timer_stop    app_timer.o
    0x000274e4   0x000274e4   0x00000048   Code   RO         3451    i.app_util_critical_region_enter  app_util_platform.o
    0x0002752c   0x0002752c   0x00000034   Code   RO         3452    i.app_util_critical_region_exit  app_util_platform.o
    0x00027560   0x00027560   0x00000088   Code   RO         2571    i.apply_config      nrfx_uart.o
    0x000275e8   0x000275e8   0x00000088   Code   RO         2759    i.apply_config      nrfx_uarte.o
    0x00027670   0x00027670   0x00000182   Code   RO         1218    i.ble_advdata_encode  ble_advdata.o
    0x000277f2   0x000277f2   0x00000002   PAD
    0x000277f4   0x000277f4   0x00000068   Code   RO         1325    i.ble_conn_params_init  ble_conn_params.o
    0x0002785c   0x0002785c   0x00000060   Code   RO         1224    i.ble_device_addr_encode  ble_advdata.o
    0x000278bc   0x000278bc   0x000000f0   Code   RO            7    i.ble_evt_handler   main.o
    0x000279ac   0x000279ac   0x000000fc   Code   RO         1327    i.ble_evt_handler   ble_conn_params.o
    0x00027aa8   0x00027aa8   0x00000104   Code   RO         1432    i.ble_evt_handler   ble_conn_state.o
    0x00027bac   0x00027bac   0x00000058   Code   RO         1786    i.ble_lbs_init      ble_lbs.o
    0x00027c04   0x00027c04   0x0000002e   Code   RO         1787    i.ble_lbs_on_ble_evt  ble_lbs.o
    0x00027c32   0x00027c32   0x0000002e   Code   RO         1788    i.ble_lbs_on_button_change  ble_lbs.o
    0x00027c60   0x00027c60   0x00000040   Code   RO          417    i.ble_sf_service_on_ble_evt  safecity_service.o
    0x00027ca0   0x00027ca0   0x00000008   Code   RO         1577    i.ble_srv_is_notification_enabled  ble_srv_common.o
    0x00027ca8   0x00027ca8   0x0000002c   Code   RO          878    i.block_dev_handler  diskio_blkdev.o
    0x00027cd4   0x00027cd4   0x00000004   Code   RO         4439    i.block_dev_sdc_geometry  nrf_block_dev_sdc.o
    0x00027cd8   0x00027cd8   0x00000074   Code   RO         4440    i.block_dev_sdc_init  nrf_block_dev_sdc.o
    0x00027d4c   0x00027d4c   0x00000020   Code   RO         4441    i.block_dev_sdc_ioctl  nrf_block_dev_sdc.o
    0x00027d6c   0x00027d6c   0x0000007c   Code   RO         4442    i.block_dev_sdc_read_req  nrf_block_dev_sdc.o
    0x00027de8   0x00027de8   0x00000054   Code   RO         4443    i.block_dev_sdc_uninit  nrf_block_dev_sdc.o
    0x00027e3c   0x00027e3c   0x0000007c   Code   RO         4444    i.block_dev_sdc_write_req  nrf_block_dev_sdc.o
    0x00027eb8   0x00027eb8   0x00000054   Code   RO          755    i.bsp_board_init    boards.o
    0x00027f0c   0x00027f0c   0x00000010   Code   RO          758    i.bsp_board_led_off  boards.o
    0x00027f1c   0x00027f1c   0x00000010   Code   RO          759    i.bsp_board_led_on  boards.o
    0x00027f2c   0x00027f2c   0x00000012   Code   RO          761    i.bsp_board_leds_off  boards.o
    0x00027f3e   0x00027f3e   0x00000002   PAD
    0x00027f40   0x00027f40   0x00000090   Code   RO         4673    i.buf_prealloc      nrf_log_frontend.o
    0x00027fd0   0x00027fd0   0x0000001e   Code   RO         3915    i.buffer_add        nrf_fprintf_format.o
    0x00027fee   0x00027fee   0x00000002   PAD
    0x00027ff0   0x00027ff0   0x00000014   Code   RO         4674    i.buffer_is_empty   nrf_log_frontend.o
    0x00028004   0x00028004   0x000000d2   Code   RO         1789    i.button_char_add   ble_lbs.o
    0x000280d6   0x000280d6   0x00000002   PAD
    0x000280d8   0x000280d8   0x00000070   Code   RO            8    i.button_event_handler  main.o
    0x00028148   0x00028148   0x0000001c   Code   RO         2222    i.channel_free      nrfx_gpiote.o
    0x00028164   0x00028164   0x00000048   Code   RO         2223    i.channel_port_alloc  nrfx_gpiote.o
    0x000281ac   0x000281ac   0x00000010   Code   RO         2224    i.channel_port_get  nrfx_gpiote.o
    0x000281bc   0x000281bc   0x00000070   Code   RO          958    i.check_fs          ff.o
    0x0002822c   0x0002822c   0x00000028   Code   RO         1836    i.clock_clk_started_notify  nrf_drv_clock.o
    0x00028254   0x00028254   0x0000001c   Code   RO         1837    i.clock_irq_handler  nrf_drv_clock.o
    0x00028270   0x00028270   0x00000018   Code   RO          959    i.clust2sect        ff.o
    0x00028288   0x00028288   0x000000d8   Code   RO          507    i.command_list      waveshare154_v2_epd.o
    0x00028360   0x00028360   0x000000ac   Code   RO         3293    i.compare_reg_update  app_timer.o
    0x0002840c   0x0002840c   0x0000003e   Code   RO         1433    i.conn_handle_list_get  ble_conn_state.o
    0x0002844a   0x0002844a   0x00000088   Code   RO         1225    i.conn_int_encode   ble_advdata.o
    0x000284d2   0x000284d2   0x00000004   Code   RO            9    i.conn_params_error_handler  main.o
    0x000284d6   0x000284d6   0x00000002   PAD
    0x000284d8   0x000284d8   0x00000048   Code   RO         1328    i.conn_params_negotiation  ble_conn_params.o
    0x00028520   0x00028520   0x000000a4   Code   RO          960    i.create_chain      ff.o
    0x000285c4   0x000285c4   0x000000e4   Code   RO          961    i.create_name       ff.o
    0x000286a8   0x000286a8   0x000000bc   Code   RO         1637    i.data_length_update  nrf_ble_gatt.o
    0x00028764   0x00028764   0x00000004   Code   RO          879    i.default_wait_func  diskio_blkdev.o
    0x00028768   0x00028768   0x00000034   Code   RO           10    i.demoscr_write_handler  main.o
    0x0002879c   0x0002879c   0x00000098   Code   RO         3024    i.detection_delay_timeout_handler  app_button.o
    0x00028834   0x00028834   0x00000064   Code   RO          962    i.dir_find          ff.o
    0x00028898   0x00028898   0x000000f4   Code   RO          963    i.dir_next          ff.o
    0x0002898c   0x0002898c   0x00000066   Code   RO          965    i.dir_register      ff.o
    0x000289f2   0x000289f2   0x00000082   Code   RO          967    i.dir_sdi           ff.o
    0x00028a74   0x00028a74   0x00000080   Code   RO          880    i.disk_initialize   diskio_blkdev.o
    0x00028af4   0x00028af4   0x0000007c   Code   RO          881    i.disk_ioctl        diskio_blkdev.o
    0x00028b70   0x00028b70   0x0000007c   Code   RO          882    i.disk_read         diskio_blkdev.o
    0x00028bec   0x00028bec   0x00000020   Code   RO          883    i.disk_status       diskio_blkdev.o
    0x00028c0c   0x00028c0c   0x00000088   Code   RO          885    i.disk_write        diskio_blkdev.o
    0x00028c94   0x00028c94   0x0000000c   Code   RO          886    i.diskio_blockdev_register  diskio_blkdev.o
    0x00028ca0   0x00028ca0   0x00000014   Code   RO         4676    i.dropped_sat16_get  nrf_log_frontend.o
    0x00028cb4   0x00028cb4   0x00000040   Code   RO         3294    i.elapsed_ticks_acquire  app_timer.o
    0x00028cf4   0x00028cf4   0x0000001e   Code   RO          968    i.f_close           ff.o
    0x00028d12   0x00028d12   0x00000002   PAD
    0x00028d14   0x00028d14   0x0000004c   Code   RO          974    i.f_mount           ff.o
    0x00028d60   0x00028d60   0x000001b4   Code   RO          975    i.f_open            ff.o
    0x00028f14   0x00028f14   0x00000090   Code   RO          981    i.f_sync            ff.o
    0x00028fa4   0x00028fa4   0x0000017e   Code   RO          984    i.f_write           ff.o
    0x00029122   0x00029122   0x00000002   PAD
    0x00029124   0x00029124   0x0000024c   Code   RO          985    i.find_volume       ff.o
    0x00029370   0x00029370   0x00000074   Code   RO          986    i.follow_path       ff.o
    0x000293e4   0x000293e4   0x000000be   Code   RO          987    i.get_fat           ff.o
    0x000294a2   0x000294a2   0x0000003c   Code   RO          989    i.get_ldnumber      ff.o
    0x000294de   0x000294de   0x00000002   PAD
    0x000294e0   0x000294e0   0x00000084   Code   RO         3025    i.gpiote_event_handler  app_button.o
    0x00029564   0x00029564   0x0000005c   Code   RO          508    i.hardware_init     waveshare154_v2_epd.o
    0x000295c0   0x000295c0   0x00000014   Code   RO         1329    i.instance_get      ble_conn_params.o
    0x000295d4   0x000295d4   0x000000a6   Code   RO         3916    i.int_print         nrf_fprintf_format.o
    0x0002967a   0x0002967a   0x00000002   PAD
    0x0002967c   0x0002967c   0x00000080   Code   RO         2760    i.interrupts_enable  nrfx_uarte.o
    0x000296fc   0x000296fc   0x0000004c   Code   RO         4677    i.invalid_packets_pushed_str_omit  nrf_log_frontend.o
    0x00029748   0x00029748   0x00000044   Code   RO         1330    i.is_conn_params_ok  ble_conn_params.o
    0x0002978c   0x0002978c   0x00000026   Code   RO          990    i.ld_clust          ff.o
    0x000297b2   0x000297b2   0x00000016   Code   RO          991    i.ld_dword          ff.o
    0x000297c8   0x000297c8   0x0000000a   Code   RO          992    i.ld_word           ff.o
    0x000297d2   0x000297d2   0x0000009e   Code   RO         1790    i.led_char_add      ble_lbs.o
    0x00029870   0x00029870   0x0000005c   Code   RO           11    i.led_write_handler  main.o
    0x000298cc   0x000298cc   0x00000014   Code   RO         1638    i.link_init         nrf_ble_gatt.o
    0x000298e0   0x000298e0   0x000000f8   Code   RO         3295    i.list_insertions_handler  app_timer.o
    0x000299d8   0x000299d8   0x0000009c   Code   RO         4678    i.log_skip          nrf_log_frontend.o
    0x00029a74   0x00029a74   0x000001f8   Code   RO           12    i.main              main.o
    0x00029c6c   0x00029c6c   0x00000064   Code   RO         1226    i.manuf_specific_data_encode  ble_advdata.o
    0x00029cd0   0x00029cd0   0x00000012   Code   RO          993    i.mem_cpy           ff.o
    0x00029ce2   0x00029ce2   0x00000002   PAD
    0x00029ce4   0x00029ce4   0x0000000e   Code   RO          994    i.mem_set           ff.o
    0x00029cf2   0x00029cf2   0x00000076   Code   RO         3955    i.memobj_op         nrf_memobj.o
    0x00029d68   0x00029d68   0x00000030   Code   RO         4679    i.module_idx_get    nrf_log_frontend.o
    0x00029d98   0x00029d98   0x00000032   Code   RO          995    i.move_window       ff.o
    0x00029dca   0x00029dca   0x0000009c   Code   RO         1227    i.name_encode       ble_advdata.o
    0x00029e66   0x00029e66   0x00000016   Code   RO         3637    i.nrf_atflags_clear  nrf_atflags.o
    0x00029e7c   0x00029e7c   0x00000016   Code   RO         3642    i.nrf_atflags_get   nrf_atflags.o
    0x00029e92   0x00029e92   0x00000014   Code   RO         3644    i.nrf_atflags_set   nrf_atflags.o
    0x00029ea6   0x00029ea6   0x00000006   Code   RO         3705    i.nrf_atomic_flag_clear_fetch  nrf_atomic.o
    0x00029eac   0x00029eac   0x00000006   Code   RO         3706    i.nrf_atomic_flag_set  nrf_atomic.o
    0x00029eb2   0x00029eb2   0x0000000c   Code   RO         3708    i.nrf_atomic_u32_add  nrf_atomic.o
    0x00029ebe   0x00029ebe   0x0000000c   Code   RO         3709    i.nrf_atomic_u32_and  nrf_atomic.o
    0x00029eca   0x00029eca   0x0000000a   Code   RO         3712    i.nrf_atomic_u32_fetch_and  nrf_atomic.o
    0x00029ed4   0x00029ed4   0x0000000a   Code   RO         3714    i.nrf_atomic_u32_fetch_store  nrf_atomic.o
    0x00029ede   0x00029ede   0x0000000c   Code   RO         3718    i.nrf_atomic_u32_or  nrf_atomic.o
    0x00029eea   0x00029eea   0x0000000c   Code   RO         3720    i.nrf_atomic_u32_sub  nrf_atomic.o
    0x00029ef6   0x00029ef6   0x00000044   Code   RO         3839    i.nrf_balloc_alloc  nrf_balloc.o
    0x00029f3a   0x00029f3a   0x00000030   Code   RO         3840    i.nrf_balloc_free   nrf_balloc.o
    0x00029f6a   0x00029f6a   0x00000030   Code   RO         3841    i.nrf_balloc_init   nrf_balloc.o
    0x00029f9a   0x00029f9a   0x00000010   Code   RO         2225    i.nrf_bitmask_bit_is_set  nrfx_gpiote.o
    0x00029faa   0x00029faa   0x00000014   Code   RO         2226    i.nrf_bitmask_bit_set  nrfx_gpiote.o
    0x00029fbe   0x00029fbe   0x00000022   Code   RO         1644    i.nrf_ble_gatt_init  nrf_ble_gatt.o
    0x00029fe0   0x00029fe0   0x00000148   Code   RO         1645    i.nrf_ble_gatt_on_ble_evt  nrf_ble_gatt.o
    0x0002a128   0x0002a128   0x00000016   Code   RO         1742    i.nrf_ble_qwr_conn_handle_assign  nrf_ble_qwr.o
    0x0002a13e   0x0002a13e   0x00000024   Code   RO         1743    i.nrf_ble_qwr_init  nrf_ble_qwr.o
    0x0002a162   0x0002a162   0x000000b6   Code   RO         1744    i.nrf_ble_qwr_on_ble_evt  nrf_ble_qwr.o
    0x0002a218   0x0002a218   0x00000006   Code   RO          887    i.nrf_blk_dev_ioctl  diskio_blkdev.o
    0x0002a21e   0x0002a21e   0x0000000e   Code   RO         2090    i.nrf_clock_event_check  nrfx_clock.o
    0x0002a22c   0x0002a22c   0x00000010   Code   RO         2091    i.nrf_clock_event_clear  nrfx_clock.o
    0x0002a23c   0x0002a23c   0x00000020   Code   RO          509    i.nrf_delay_ms      waveshare154_v2_epd.o
    0x0002a25c   0x0002a25c   0x00000038   Code   RO         1844    i.nrf_drv_clock_init  nrf_drv_clock.o
    0x0002a294   0x0002a294   0x00000030   Code   RO         1848    i.nrf_drv_clock_lfclk_release  nrf_drv_clock.o
    0x0002a2c4   0x0002a2c4   0x00000028   Code   RO         2043    i.nrf_drv_spi_init  nrf_drv_spi.o
    0x0002a2ec   0x0002a2ec   0x00000016   Code   RO         4308    i.nrf_drv_spi_transfer  app_sdcard.o
    0x0002a302   0x0002a302   0x00000002   PAD
    0x0002a304   0x0002a304   0x00000068   Code   RO         1991    i.nrf_drv_uart_init  nrf_drv_uart.o
    0x0002a36c   0x0002a36c   0x0000001a   Code   RO         3876    i.nrf_fprintf       nrf_fprintf.o
    0x0002a386   0x0002a386   0x00000018   Code   RO         3877    i.nrf_fprintf_buffer_flush  nrf_fprintf.o
    0x0002a39e   0x0002a39e   0x000001da   Code   RO         3917    i.nrf_fprintf_fmt   nrf_fprintf_format.o
    0x0002a578   0x0002a578   0x000001f0   Code   RO         4164    i.nrf_gfx_circle_draw  nrf_gfx.o
    0x0002a768   0x0002a768   0x00000004   Code   RO         4165    i.nrf_gfx_display   nrf_gfx.o
    0x0002a76c   0x0002a76c   0x00000014   Code   RO         4167    i.nrf_gfx_init      nrf_gfx.o
    0x0002a780   0x0002a780   0x000000b0   Code   RO         4171    i.nrf_gfx_print     nrf_gfx.o
    0x0002a830   0x0002a830   0x00000046   Code   RO         4173    i.nrf_gfx_rotation_set  nrf_gfx.o
    0x0002a876   0x0002a876   0x00000016   Code   RO         4174    i.nrf_gfx_screen_fill  nrf_gfx.o
    0x0002a88c   0x0002a88c   0x0000000a   Code   RO         4175    i.nrf_gfx_uninit    nrf_gfx.o
    0x0002a896   0x0002a896   0x00000024   Code   RO          510    i.nrf_gpio_cfg      waveshare154_v2_epd.o
    0x0002a8ba   0x0002a8ba   0x00000024   Code   RO          765    i.nrf_gpio_cfg      boards.o
    0x0002a8de   0x0002a8de   0x00000024   Code   RO         2227    i.nrf_gpio_cfg      nrfx_gpiote.o
    0x0002a902   0x0002a902   0x00000024   Code   RO         2572    i.nrf_gpio_cfg      nrfx_uart.o
    0x0002a926   0x0002a926   0x00000024   Code   RO         2761    i.nrf_gpio_cfg      nrfx_uarte.o
    0x0002a94a   0x0002a94a   0x00000024   Code   RO         2912    i.nrf_gpio_cfg      nrfx_spi.o
    0x0002a96e   0x0002a96e   0x00000024   Code   RO         4309    i.nrf_gpio_cfg      app_sdcard.o
    0x0002a992   0x0002a992   0x00000012   Code   RO         2573    i.nrf_gpio_cfg_default  nrfx_uart.o
    0x0002a9a4   0x0002a9a4   0x00000012   Code   RO         2762    i.nrf_gpio_cfg_default  nrfx_uarte.o
    0x0002a9b6   0x0002a9b6   0x00000012   Code   RO         2574    i.nrf_gpio_cfg_input  nrfx_uart.o
    0x0002a9c8   0x0002a9c8   0x00000012   Code   RO         2763    i.nrf_gpio_cfg_input  nrfx_uarte.o
    0x0002a9da   0x0002a9da   0x00000014   Code   RO          511    i.nrf_gpio_cfg_output  waveshare154_v2_epd.o
    0x0002a9ee   0x0002a9ee   0x00000014   Code   RO         2575    i.nrf_gpio_cfg_output  nrfx_uart.o
    0x0002aa02   0x0002aa02   0x00000014   Code   RO         2764    i.nrf_gpio_cfg_output  nrfx_uarte.o
    0x0002aa16   0x0002aa16   0x00000014   Code   RO         2913    i.nrf_gpio_cfg_output  nrfx_spi.o
    0x0002aa2a   0x0002aa2a   0x00000022   Code   RO         2229    i.nrf_gpio_cfg_sense_set  nrfx_gpiote.o
    0x0002aa4c   0x0002aa4c   0x0000000e   Code   RO          512    i.nrf_gpio_pin_clear  waveshare154_v2_epd.o
    0x0002aa5a   0x0002aa5a   0x0000000e   Code   RO          513    i.nrf_gpio_pin_set  waveshare154_v2_epd.o
    0x0002aa68   0x0002aa68   0x0000000e   Code   RO         2914    i.nrf_gpio_pin_set  nrfx_spi.o
    0x0002aa76   0x0002aa76   0x0000000e   Code   RO         4310    i.nrf_gpio_pin_set  app_sdcard.o
    0x0002aa84   0x0002aa84   0x00000016   Code   RO          766    i.nrf_gpio_pin_write  boards.o
    0x0002aa9a   0x0002aa9a   0x00000002   PAD
    0x0002aa9c   0x0002aa9c   0x00000028   Code   RO         2230    i.nrf_gpio_ports_read  nrfx_gpiote.o
    0x0002aac4   0x0002aac4   0x00000014   Code   RO         2231    i.nrf_gpiote_event_clear  nrfx_gpiote.o
    0x0002aad8   0x0002aad8   0x00000010   Code   RO         2232    i.nrf_gpiote_event_is_set  nrfx_gpiote.o
    0x0002aae8   0x0002aae8   0x00000050   Code   RO         4680    i.nrf_log_backend_add  nrf_log_frontend.o
    0x0002ab38   0x0002ab38   0x000000c8   Code   RO         4521    i.nrf_log_backend_serial_put  nrf_log_backend_serial.o
    0x0002ac00   0x0002ac00   0x00000002   Code   RO         4561    i.nrf_log_backend_uart_flush  nrf_log_backend_uart.o
    0x0002ac02   0x0002ac02   0x00000006   Code   RO         4562    i.nrf_log_backend_uart_init  nrf_log_backend_uart.o
    0x0002ac08   0x0002ac08   0x0000002c   Code   RO         4563    i.nrf_log_backend_uart_panic_set  nrf_log_backend_uart.o
    0x0002ac34   0x0002ac34   0x00000018   Code   RO         4564    i.nrf_log_backend_uart_put  nrf_log_backend_uart.o
    0x0002ac4c   0x0002ac4c   0x00000030   Code   RO         4682    i.nrf_log_color_id_get  nrf_log_frontend.o
    0x0002ac7c   0x0002ac7c   0x0000001c   Code   RO         4640    i.nrf_log_default_backends_init  nrf_log_default_backends.o
    0x0002ac98   0x0002ac98   0x00000220   Code   RO         4683    i.nrf_log_frontend_dequeue  nrf_log_frontend.o
    0x0002aeb8   0x0002aeb8   0x00000008   Code   RO         4685    i.nrf_log_frontend_std_0  nrf_log_frontend.o
    0x0002aec0   0x0002aec0   0x0000000e   Code   RO         4686    i.nrf_log_frontend_std_1  nrf_log_frontend.o
    0x0002aece   0x0002aece   0x00000010   Code   RO         4687    i.nrf_log_frontend_std_2  nrf_log_frontend.o
    0x0002aede   0x0002aede   0x00000002   PAD
    0x0002aee0   0x0002aee0   0x000000ac   Code   RO         4860    i.nrf_log_hexdump_entry_process  nrf_log_str_formatter.o
    0x0002af8c   0x0002af8c   0x00000058   Code   RO         4692    i.nrf_log_init      nrf_log_frontend.o
    0x0002afe4   0x0002afe4   0x00000014   Code   RO         4693    i.nrf_log_module_cnt_get  nrf_log_frontend.o
    0x0002aff8   0x0002aff8   0x0000001c   Code   RO         4696    i.nrf_log_module_name_get  nrf_log_frontend.o
    0x0002b014   0x0002b014   0x00000028   Code   RO         4697    i.nrf_log_panic     nrf_log_frontend.o
    0x0002b03c   0x0002b03c   0x000000b6   Code   RO         4861    i.nrf_log_std_entry_process  nrf_log_str_formatter.o
    0x0002b0f2   0x0002b0f2   0x00000060   Code   RO         3956    i.nrf_memobj_alloc  nrf_memobj.o
    0x0002b152   0x0002b152   0x00000032   Code   RO         3957    i.nrf_memobj_free   nrf_memobj.o
    0x0002b184   0x0002b184   0x00000008   Code   RO         3958    i.nrf_memobj_get    nrf_memobj.o
    0x0002b18c   0x0002b18c   0x00000004   Code   RO         3959    i.nrf_memobj_pool_init  nrf_memobj.o
    0x0002b190   0x0002b190   0x0000001e   Code   RO         3960    i.nrf_memobj_put    nrf_memobj.o
    0x0002b1ae   0x0002b1ae   0x0000000c   Code   RO         3961    i.nrf_memobj_read   nrf_memobj.o
    0x0002b1ba   0x0002b1ba   0x0000000c   Code   RO         3962    i.nrf_memobj_write  nrf_memobj.o
    0x0002b1c6   0x0002b1c6   0x00000002   PAD
    0x0002b1c8   0x0002b1c8   0x00000028   Code   RO         4021    i.nrf_pwr_mgmt_init  nrf_pwr_mgmt.o
    0x0002b1f0   0x0002b1f0   0x00000044   Code   RO         4022    i.nrf_pwr_mgmt_run  nrf_pwr_mgmt.o
    0x0002b234   0x0002b234   0x00000004   Code   RO           13    i.nrf_qwr_error_handler  main.o
    0x0002b238   0x0002b238   0x00000014   Code   RO         5398    i.nrf_sdh_ble_app_ram_start_get  nrf_sdh_ble.o
    0x0002b24c   0x0002b24c   0x00000108   Code   RO         5399    i.nrf_sdh_ble_default_cfg_set  nrf_sdh_ble.o
    0x0002b354   0x0002b354   0x0000012c   Code   RO         5400    i.nrf_sdh_ble_enable  nrf_sdh_ble.o
    0x0002b480   0x0002b480   0x0000005c   Code   RO         5401    i.nrf_sdh_ble_evts_poll  nrf_sdh_ble.o
    0x0002b4dc   0x0002b4dc   0x00000090   Code   RO         5271    i.nrf_sdh_enable_request  nrf_sdh.o
    0x0002b56c   0x0002b56c   0x00000024   Code   RO         5272    i.nrf_sdh_evts_poll  nrf_sdh.o
    0x0002b590   0x0002b590   0x0000000c   Code   RO         5273    i.nrf_sdh_is_enabled  nrf_sdh.o
    0x0002b59c   0x0002b59c   0x0000003c   Code   RO         5449    i.nrf_sdh_soc_evts_poll  nrf_sdh_soc.o
    0x0002b5d8   0x0002b5d8   0x0000000a   Code   RO         4093    i.nrf_section_iter_init  nrf_section_iter.o
    0x0002b5e2   0x0002b5e2   0x00000024   Code   RO         4094    i.nrf_section_iter_item_set  nrf_section_iter.o
    0x0002b606   0x0002b606   0x00000020   Code   RO         4095    i.nrf_section_iter_next  nrf_section_iter.o
    0x0002b626   0x0002b626   0x00000002   PAD
    0x0002b628   0x0002b628   0x00000038   Code   RO         4128    i.nrf_strerror_find  nrf_strerror.o
    0x0002b660   0x0002b660   0x00000014   Code   RO         4129    i.nrf_strerror_get  nrf_strerror.o
    0x0002b674   0x0002b674   0x0000000a   Code   RO         2576    i.nrf_uart_event_check  nrfx_uart.o
    0x0002b67e   0x0002b67e   0x0000000c   Code   RO         2577    i.nrf_uart_event_clear  nrfx_uart.o
    0x0002b68a   0x0002b68a   0x0000000c   Code   RO         2578    i.nrf_uart_int_enable_check  nrfx_uart.o
    0x0002b696   0x0002b696   0x0000000a   Code   RO         2765    i.nrf_uarte_event_check  nrfx_uarte.o
    0x0002b6a0   0x0002b6a0   0x0000000c   Code   RO         2766    i.nrf_uarte_event_clear  nrfx_uarte.o
    0x0002b6ac   0x0002b6ac   0x0000002c   Code   RO         2096    i.nrfx_clock_enable  nrfx_clock.o
    0x0002b6d8   0x0002b6d8   0x00000020   Code   RO         2099    i.nrfx_clock_init   nrfx_clock.o
    0x0002b6f8   0x0002b6f8   0x0000001c   Code   RO         2102    i.nrfx_clock_lfclk_stop  nrfx_clock.o
    0x0002b714   0x0002b714   0x00000010   Code   RO         3296    i.nrfx_coredep_delay_us  app_timer.o
    0x0002b724   0x0002b724   0x00000048   Code   RO         2236    i.nrfx_gpiote_in_event_disable  nrfx_gpiote.o
    0x0002b76c   0x0002b76c   0x000000a4   Code   RO         2237    i.nrfx_gpiote_in_event_enable  nrfx_gpiote.o
    0x0002b810   0x0002b810   0x000000d0   Code   RO         2238    i.nrfx_gpiote_in_init  nrfx_gpiote.o
    0x0002b8e0   0x0002b8e0   0x00000014   Code   RO         2239    i.nrfx_gpiote_in_is_set  nrfx_gpiote.o
    0x0002b8f4   0x0002b8f4   0x00000070   Code   RO         2241    i.nrfx_gpiote_init  nrfx_gpiote.o
    0x0002b964   0x0002b964   0x00000014   Code   RO         2242    i.nrfx_gpiote_is_init  nrfx_gpiote.o
    0x0002b978   0x0002b978   0x00000010   Code   RO         2767    i.nrfx_is_in_ram    nrfx_uarte.o
    0x0002b988   0x0002b988   0x0000003a   Code   RO         2521    i.nrfx_prs_acquire  nrfx_prs.o
    0x0002b9c2   0x0002b9c2   0x00000012   Code   RO         2522    i.nrfx_prs_release  nrfx_prs.o
    0x0002b9d4   0x0002b9d4   0x000001a0   Code   RO         2916    i.nrfx_spi_init     nrfx_spi.o
    0x0002bb74   0x0002bb74   0x0000006c   Code   RO         2917    i.nrfx_spi_uninit   nrfx_spi.o
    0x0002bbe0   0x0002bbe0   0x00000064   Code   RO         2918    i.nrfx_spi_xfer     nrfx_spi.o
    0x0002bc44   0x0002bc44   0x00000010   Code   RO         2579    i.nrfx_uart_0_irq_handler  nrfx_uart.o
    0x0002bc54   0x0002bc54   0x000000d4   Code   RO         2581    i.nrfx_uart_init    nrfx_uart.o
    0x0002bd28   0x0002bd28   0x000000a4   Code   RO         2587    i.nrfx_uart_tx      nrfx_uart.o
    0x0002bdcc   0x0002bdcc   0x00000020   Code   RO         2589    i.nrfx_uart_tx_in_progress  nrfx_uart.o
    0x0002bdec   0x0002bdec   0x000000b4   Code   RO         2590    i.nrfx_uart_uninit  nrfx_uart.o
    0x0002bea0   0x0002bea0   0x00000010   Code   RO         2768    i.nrfx_uarte_0_irq_handler  nrfx_uarte.o
    0x0002beb0   0x0002beb0   0x0000006c   Code   RO         2770    i.nrfx_uarte_init   nrfx_uarte.o
    0x0002bf1c   0x0002bf1c   0x00000090   Code   RO         2774    i.nrfx_uarte_tx     nrfx_uarte.o
    0x0002bfac   0x0002bfac   0x0000001c   Code   RO         2776    i.nrfx_uarte_tx_in_progress  nrfx_uarte.o
    0x0002bfc8   0x0002bfc8   0x000000b0   Code   RO         2777    i.nrfx_uarte_uninit  nrfx_uarte.o
    0x0002c078   0x0002c078   0x0000001c   Code   RO           14    i.on_conn_params_evt  main.o
    0x0002c094   0x0002c094   0x000000a0   Code   RO         1646    i.on_connected_evt  nrf_ble_gatt.o
    0x0002c134   0x0002c134   0x000000a4   Code   RO         1647    i.on_exchange_mtu_request_evt  nrf_ble_gatt.o
    0x0002c1d8   0x0002c1d8   0x00000018   Code   RO         2258    i.pin_in_use_by_port  nrfx_gpiote.o
    0x0002c1f0   0x0002c1f0   0x00000018   Code   RO         2259    i.pin_in_use_by_te  nrfx_gpiote.o
    0x0002c208   0x0002c208   0x00000026   Code   RO         4177    i.pixel_draw        nrf_gfx.o
    0x0002c22e   0x0002c22e   0x00000002   PAD
    0x0002c230   0x0002c230   0x0000003c   Code   RO         4863    i.postfix_process   nrf_log_str_formatter.o
    0x0002c26c   0x0002c26c   0x00000098   Code   RO         4864    i.prefix_process    nrf_log_str_formatter.o
    0x0002c304   0x0002c304   0x00000018   Code   RO         2523    i.prs_box_get       nrfx_prs.o
    0x0002c31c   0x0002c31c   0x000000ea   Code   RO          996    i.put_fat           ff.o
    0x0002c406   0x0002c406   0x0000003a   Code   RO         4178    i.rect_draw         nrf_gfx.o
    0x0002c440   0x0002c440   0x00000074   Code   RO          997    i.remove_chain      ff.o
    0x0002c4b4   0x0002c4b4   0x0000003c   Code   RO         3297    i.rtc1_stop         app_timer.o
    0x0002c4f0   0x0002c4f0   0x00000032   Code   RO         2591    i.rx_byte           nrfx_uart.o
    0x0002c522   0x0002c522   0x00000016   Code   RO         2592    i.rx_done_event     nrfx_uart.o
    0x0002c538   0x0002c538   0x00000018   Code   RO         2778    i.rx_done_event     nrfx_uarte.o
    0x0002c550   0x0002c550   0x0000011c   Code   RO          682    i.sd_card_init      sd_card_app.o
    0x0002c66c   0x0002c66c   0x00000042   Code   RO         5278    i.sd_nvic_SetPriority  nrf_sdh.o
    0x0002c6ae   0x0002c6ae   0x00000002   PAD
    0x0002c6b0   0x0002c6b0   0x00000050   Code   RO         1851    i.sd_state_evt_handler  nrf_drv_clock.o
    0x0002c700   0x0002c700   0x000000b8   Code   RO         4311    i.sdc_cmd           app_sdcard.o
    0x0002c7b8   0x0002c7b8   0x00000090   Code   RO         4445    i.sdc_handler       nrf_block_dev_sdc.o
    0x0002c848   0x0002c848   0x0000029c   Code   RO         4312    i.sdc_pt_identification  app_sdcard.o
    0x0002cae4   0x0002cae4   0x00000080   Code   RO         4313    i.sdc_pt_read       app_sdcard.o
    0x0002cb64   0x0002cb64   0x00000160   Code   RO         4314    i.sdc_pt_sub_data_read  app_sdcard.o
    0x0002ccc4   0x0002ccc4   0x00000208   Code   RO         4315    i.sdc_pt_write      app_sdcard.o
    0x0002cecc   0x0002cecc   0x0000003c   Code   RO         4316    i.sdc_spi_transfer  app_sdcard.o
    0x0002cf08   0x0002cf08   0x00000030   Code   RO         5279    i.sdh_request_observer_notify  nrf_sdh.o
    0x0002cf38   0x0002cf38   0x0000002c   Code   RO         5280    i.sdh_state_observer_notify  nrf_sdh.o
    0x0002cf64   0x0002cf64   0x00000010   Code   RO         1331    i.send_error_evt    ble_conn_params.o
    0x0002cf74   0x0002cf74   0x00000040   Code   RO         4565    i.serial_tx         nrf_log_backend_uart.o
    0x0002cfb4   0x0002cfb4   0x00000088   Code   RO         1228    i.service_data_encode  ble_advdata.o
    0x0002d03c   0x0002d03c   0x00000118   Code   RO          418    i.sf_char_add       safecity_service.o
    0x0002d154   0x0002d154   0x00000060   Code   RO          419    i.sf_service_init   safecity_service.o
    0x0002d1b4   0x0002d1b4   0x00000018   Code   RO         1852    i.soc_evt_handler   nrf_drv_clock.o
    0x0002d1cc   0x0002d1cc   0x00000050   Code   RO         5282    i.softdevices_evt_irq_enable  nrf_sdh.o
    0x0002d21c   0x0002d21c   0x00000038   Code   RO         2044    i.spi_evt_handler   nrf_drv_spi.o
    0x0002d254   0x0002d254   0x000001cc   Code   RO         4317    i.spi_handler       app_sdcard.o
    0x0002d420   0x0002d420   0x0000002c   Code   RO          514    i.spi_write         waveshare154_v2_epd.o
    0x0002d44c   0x0002d44c   0x0000007e   Code   RO         2919    i.spi_xfer          nrfx_spi.o
    0x0002d4ca   0x0002d4ca   0x00000028   Code   RO          998    i.st_clust          ff.o
    0x0002d4f2   0x0002d4f2   0x00000010   Code   RO          999    i.st_dword          ff.o
    0x0002d502   0x0002d502   0x00000008   Code   RO         1000    i.st_word           ff.o
    0x0002d50a   0x0002d50a   0x00000002   PAD
    0x0002d50c   0x0002d50c   0x0000008c   Code   RO         4699    i.std_n             nrf_log_frontend.o
    0x0002d598   0x0002d598   0x00000088   Code   RO         1001    i.sync_fs           ff.o
    0x0002d620   0x0002d620   0x00000052   Code   RO         1002    i.sync_window       ff.o
    0x0002d672   0x0002d672   0x00000002   PAD
    0x0002d674   0x0002d674   0x0000007c   Code   RO           15    i.test_epaper       main.o
    0x0002d6f0   0x0002d6f0   0x00000080   Code   RO         3298    i.timer_list_handler  app_timer.o
    0x0002d770   0x0002d770   0x0000003c   Code   RO         3299    i.timer_list_insert  app_timer.o
    0x0002d7ac   0x0002d7ac   0x00000060   Code   RO         3300    i.timer_list_remove  app_timer.o
    0x0002d80c   0x0002d80c   0x00000048   Code   RO         3301    i.timer_stop_op_schedule  app_timer.o
    0x0002d854   0x0002d854   0x00000074   Code   RO         3302    i.timer_timeouts_check  app_timer.o
    0x0002d8c8   0x0002d8c8   0x00000064   Code   RO         2920    i.transfer_byte     nrfx_spi.o
    0x0002d92c   0x0002d92c   0x00000020   Code   RO         2594    i.tx_byte           nrfx_uart.o
    0x0002d94c   0x0002d94c   0x0000001a   Code   RO         2595    i.tx_done_event     nrfx_uart.o
    0x0002d966   0x0002d966   0x00000002   PAD
    0x0002d968   0x0002d968   0x00000030   Code   RO         1992    i.uart_evt_handler  nrf_drv_uart.o
    0x0002d998   0x0002d998   0x0000000c   Code   RO         4566    i.uart_evt_handler  nrf_log_backend_uart.o
    0x0002d9a4   0x0002d9a4   0x00000050   Code   RO         4567    i.uart_init         nrf_log_backend_uart.o
    0x0002d9f4   0x0002d9f4   0x00000128   Code   RO         2596    i.uart_irq_handler  nrfx_uart.o
    0x0002db1c   0x0002db1c   0x00000030   Code   RO         1993    i.uarte_evt_handler  nrf_drv_uart.o
    0x0002db4c   0x0002db4c   0x000000f4   Code   RO         2779    i.uarte_irq_handler  nrfx_uarte.o
    0x0002dc40   0x0002dc40   0x0000000a   Code   RO         1229    i.uint16_encode     ble_advdata.o
    0x0002dc4a   0x0002dc4a   0x00000002   PAD
    0x0002dc4c   0x0002dc4c   0x000000b4   Code   RO         3918    i.unsigned_print    nrf_fprintf_format.o
    0x0002dd00   0x0002dd00   0x00000068   Code   RO         1332    i.update_timeout_handler  ble_conn_params.o
    0x0002dd68   0x0002dd68   0x00000024   Code   RO         1745    i.user_mem_reply    nrf_ble_qwr.o
    0x0002dd8c   0x0002dd8c   0x00000030   Code   RO         3303    i.user_op_alloc     app_timer.o
    0x0002ddbc   0x0002ddbc   0x00000030   Code   RO         1230    i.uuid_list_encode  ble_advdata.o
    0x0002ddec   0x0002ddec   0x0000009e   Code   RO         1231    i.uuid_list_sized_encode  ble_advdata.o
    0x0002de8a   0x0002de8a   0x00000032   Code   RO         1003    i.validate          ff.o
    0x0002debc   0x0002debc   0x00000050   Code   RO          515    i.wait_until_idle   waveshare154_v2_epd.o
    0x0002df0c   0x0002df0c   0x000000b8   Code   RO          683    i.writeFile         sd_card_app.o
    0x0002dfc4   0x0002dfc4   0x000000b2   Code   RO         4179    i.write_character   nrf_gfx.o
    0x0002e076   0x0002e076   0x0000001e   Code   RO          516    i.write_command     waveshare154_v2_epd.o
    0x0002e094   0x0002e094   0x0000001e   Code   RO          517    i.write_data        waveshare154_v2_epd.o
    0x0002e0b2   0x0002e0b2   0x00000002   PAD
    0x0002e0b4   0x0002e0b4   0x00000050   Code   RO          518    i.wsepd154_display  waveshare154_v2_epd.o
    0x0002e104   0x0002e104   0x00000002   Code   RO          519    i.wsepd154_display_invert  waveshare154_v2_epd.o
    0x0002e106   0x0002e106   0x00000002   PAD
    0x0002e108   0x0002e108   0x0000002c   Code   RO          520    i.wsepd154_draw_monobmp  waveshare154_v2_epd.o
    0x0002e134   0x0002e134   0x00000024   Code   RO          521    i.wsepd154_init     waveshare154_v2_epd.o
    0x0002e158   0x0002e158   0x000000cc   Code   RO          522    i.wsepd154_pixel_draw  waveshare154_v2_epd.o
    0x0002e224   0x0002e224   0x00000034   Code   RO          523    i.wsepd154_rect_draw  waveshare154_v2_epd.o
    0x0002e258   0x0002e258   0x0000000c   Code   RO          524    i.wsepd154_rotation_set  waveshare154_v2_epd.o
    0x0002e264   0x0002e264   0x00000024   Code   RO          525    i.wsepd154_uninit   waveshare154_v2_epd.o
    0x0002e288   0x0002e288   0x00002f2f   Data   RO           19    .constdata          main.o
    0x000311b7   0x000311b7   0x00000001   PAD
    0x000311b8   0x000311b8   0x00000178   Data   RO           20    .constdata          main.o
    0x00031330   0x00031330   0x0000000c   Data   RO           21    .constdata          main.o
    0x0003133c   0x0003133c   0x00000020   Data   RO           22    .constdata          main.o
    0x0003135c   0x0003135c   0x0000000e   Data   RO           23    .constdata          main.o
    0x0003136a   0x0003136a   0x00000002   PAD
    0x0003136c   0x0003136c   0x00000020   Data   RO          420    .constdata          safecity_service.o
    0x0003138c   0x0003138c   0x00000004   PAD
    0x00031390   0x00031390   0x00000028   Data   RO          527    .constdata          waveshare154_v2_epd.o
    0x000313b8   0x000313b8   0x00001388   Data   RO          664    .constdata          img.o
    0x00032740   0x00032740   0x0000001c   Data   RO          686    .constdata          sd_card_app.o
    0x0003275c   0x0003275c   0x00000008   Data   RO          767    .constdata          boards.o
    0x00032764   0x00032764   0x00000016   Data   RO         1648    .constdata          nrf_ble_gatt.o
    0x0003277a   0x0003277a   0x00000002   PAD
    0x0003277c   0x0003277c   0x00000010   Data   RO         1791    .constdata          ble_lbs.o
    0x0003278c   0x0003278c   0x00000004   Data   RO         2261    .constdata          nrfx_gpiote.o
    0x00032790   0x00032790   0x00000004   Data   RO         2599    .constdata          nrfx_uart.o
    0x00032794   0x00032794   0x00000004   Data   RO         2782    .constdata          nrfx_uarte.o
    0x00032798   0x00032798   0x00000004   Data   RO         2923    .constdata          nrfx_spi.o
    0x0003279c   0x0003279c   0x00000008   Data   RO         3027    .constdata          app_button.o
    0x000327a4   0x000327a4   0x0000000c   PAD
    0x000327b0   0x000327b0   0x00000006   Data   RO         3305    .constdata          app_timer.o
    0x000327b6   0x000327b6   0x00000010   Data   RO         3919    .constdata          nrf_fprintf_format.o
    0x000327c6   0x000327c6   0x00000002   PAD
    0x000327c8   0x000327c8   0x00000018   Data   RO         4026    .constdata          nrf_pwr_mgmt.o
    0x000327e0   0x000327e0   0x0000000c   Data   RO         4027    .constdata          nrf_pwr_mgmt.o
    0x000327ec   0x000327ec   0x0000013c   Data   RO         4130    .constdata          nrf_strerror.o
    0x00032928   0x00032928   0x00000020   Data   RO         4319    .constdata          app_sdcard.o
    0x00032948   0x00032948   0x00000018   Data   RO         4446    .constdata          nrf_block_dev_sdc.o
    0x00032960   0x00032960   0x00000048   Data   RO         4447    .constdata          nrf_block_dev_sdc.o
    0x000329a8   0x000329a8   0x0000000c   Data   RO         4569    .constdata          nrf_log_backend_uart.o
    0x000329b4   0x000329b4   0x00000020   Data   RO         4570    .constdata          nrf_log_backend_uart.o
    0x000329d4   0x000329d4   0x00000010   Data   RO         5222    .constdata          segger_rtt_printf.o
    0x000329e4   0x000329e4   0x00000010   Data   RO         5283    .constdata          nrf_sdh.o
    0x000329f4   0x000329f4   0x00000028   Data   RO         5284    .constdata          nrf_sdh.o
    0x00032a1c   0x00032a1c   0x00000010   Data   RO         5285    .constdata          nrf_sdh.o
    0x00032a2c   0x00032a2c   0x00000010   Data   RO         5286    .constdata          nrf_sdh.o
    0x00032a3c   0x00032a3c   0x00000020   Data   RO         5402    .constdata          nrf_sdh_ble.o
    0x00032a5c   0x00032a5c   0x00000010   Data   RO         5403    .constdata          nrf_sdh_ble.o
    0x00032a6c   0x00032a6c   0x00000010   Data   RO         5450    .constdata          nrf_sdh_soc.o
    0x00032a7c   0x00032a7c   0x0000000c   Data   RO         5451    .constdata          nrf_sdh_soc.o
    0x00032a88   0x00032a88   0x00000081   Data   RO         5532    .constdata          mc_w.l(ctype_o.o)
    0x00032b09   0x00032b09   0x00000003   PAD
    0x00032b0c   0x00032b0c   0x00000004   Data   RO         5533    .constdata          mc_w.l(ctype_o.o)
    0x00032b10   0x00032b10   0x00000013   Data   RO          687    .conststring        sd_card_app.o
    0x00032b23   0x00032b23   0x00000001   PAD
    0x00032b24   0x00032b24   0x000000a2   Data   RO         1649    .conststring        nrf_ble_gatt.o
    0x00032bc6   0x00032bc6   0x00000002   PAD
    0x00032bc8   0x00032bc8   0x000003eb   Data   RO         4131    .conststring        nrf_strerror.o
    0x00032fb3   0x00032fb3   0x00000001   PAD
    0x00032fb4   0x00032fb4   0x00000066   Data   RO         4865    .conststring        nrf_log_str_formatter.o
    0x0003301a   0x0003301a   0x00000002   PAD
    0x0003301c   0x0003301c   0x00000188   Data   RO         5404    .conststring        nrf_sdh_ble.o
    0x000331a4   0x000331a4   0x0000000d   Data   RO         1650    .conststrlit        nrf_ble_gatt.o
    0x000331b1   0x000331b1   0x00000003   PAD
    0x000331b4   0x000331b4   0x00000006   Data   RO         1858    .conststrlit        nrf_drv_clock.o
    0x000331ba   0x000331ba   0x00000002   PAD
    0x000331bc   0x000331bc   0x00000006   Data   RO         2106    .conststrlit        nrfx_clock.o
    0x000331c2   0x000331c2   0x00000002   PAD
    0x000331c4   0x000331c4   0x00000007   Data   RO         2265    .conststrlit        nrfx_gpiote.o
    0x000331cb   0x000331cb   0x00000001   PAD
    0x000331cc   0x000331cc   0x00000004   Data   RO         2525    .conststrlit        nrfx_prs.o
    0x000331d0   0x000331d0   0x00000005   Data   RO         2602    .conststrlit        nrfx_uart.o
    0x000331d5   0x000331d5   0x00000003   PAD
    0x000331d8   0x000331d8   0x00000006   Data   RO         2785    .conststrlit        nrfx_uarte.o
    0x000331de   0x000331de   0x00000002   PAD
    0x000331e0   0x000331e0   0x00000004   Data   RO         2925    .conststrlit        nrfx_spi.o
    0x000331e4   0x000331e4   0x00000009   Data   RO         4028    .conststrlit        nrf_pwr_mgmt.o
    0x000331ed   0x000331ed   0x00000003   PAD
    0x000331f0   0x000331f0   0x00000004   Data   RO         4180    .conststrlit        nrf_gfx.o
    0x000331f4   0x000331f4   0x00000018   Data   RO         4702    .conststrlit        nrf_log_frontend.o
    0x0003320c   0x0003320c   0x00000008   Data   RO         5287    .conststrlit        nrf_sdh.o
    0x00033214   0x00033214   0x0000000c   Data   RO         5405    .conststrlit        nrf_sdh_ble.o
    0x00033220   0x00033220   0x0000000c   Data   RO         5452    .conststrlit        nrf_sdh_soc.o
    0x0003322c   0x0003322c   0x00000020   Data   RO         5621    Region$$Table       anon$$obj.o
    0x0003324c   0x0003324c   0x00000008   Data   RO         1651    log_const_data      nrf_ble_gatt.o
    0x00033254   0x00033254   0x00000008   Data   RO         1859    log_const_data      nrf_drv_clock.o
    0x0003325c   0x0003325c   0x00000008   Data   RO         2108    log_const_data      nrfx_clock.o
    0x00033264   0x00033264   0x00000008   Data   RO         2266    log_const_data      nrfx_gpiote.o
    0x0003326c   0x0003326c   0x00000008   Data   RO         2527    log_const_data      nrfx_prs.o
    0x00033274   0x00033274   0x00000008   Data   RO         2603    log_const_data      nrfx_uart.o
    0x0003327c   0x0003327c   0x00000008   Data   RO         2786    log_const_data      nrfx_uarte.o
    0x00033284   0x00033284   0x00000008   Data   RO         2926    log_const_data      nrfx_spi.o
    0x0003328c   0x0003328c   0x00000008   Data   RO         4030    log_const_data      nrf_pwr_mgmt.o
    0x00033294   0x00033294   0x00000008   Data   RO         4181    log_const_data      nrf_gfx.o
    0x0003329c   0x0003329c   0x00000010   Data   RO         4705    log_const_data      nrf_log_frontend.o
    0x000332ac   0x000332ac   0x00000008   Data   RO         5289    log_const_data      nrf_sdh.o
    0x000332b4   0x000332b4   0x00000008   Data   RO         5407    log_const_data      nrf_sdh_ble.o
    0x000332bc   0x000332bc   0x00000008   Data   RO         5453    log_const_data      nrf_sdh_soc.o
    0x000332c4   0x000332c4   0x00000018   Data   RO         4707    nrf_balloc          nrf_log_frontend.o
    0x000332dc   0x000332dc   0x00000008   Data   RO         1437    sdh_ble_observers0  ble_conn_state.o
    0x000332e4   0x000332e4   0x00000008   Data   RO           26    sdh_ble_observers1  main.o
    0x000332ec   0x000332ec   0x00000008   Data   RO         1335    sdh_ble_observers1  ble_conn_params.o
    0x000332f4   0x000332f4   0x00000010   Data   RO           27    sdh_ble_observers2  main.o
    0x00033304   0x00033304   0x00000010   Data   RO           28    sdh_ble_observers3  main.o
    0x00033314   0x00033314   0x00000008   Data   RO         1861    sdh_soc_observers0  nrf_drv_clock.o
    0x0003331c   0x0003331c   0x00000008   Data   RO         5409    sdh_stack_observers0  nrf_sdh_ble.o
    0x00033324   0x00033324   0x00000008   Data   RO         5455    sdh_stack_observers0  nrf_sdh_soc.o
    0x0003332c   0x0003332c   0x00000008   Data   RO         1862    sdh_state_observers0  nrf_drv_clock.o


    Execution Region RW_IRAM1 (Exec base: 0x200022b8, Load base: 0x00033334, Size: 0x00004958, Max: 0x0000dd48, ABSOLUTE, COMPRESSED[0x00000068])

    Exec Addr    Load Addr    Size         Type   Attr      Idx    E Section Name        Object

    0x200022b8   COMPRESSED   0x00000008   Data   RW           24    .data               main.o
    0x200022c0   COMPRESSED   0x00000024   Data   RW           25    .data               main.o
    0x200022e4   COMPRESSED   0x00000001   Data   RW          528    .data               waveshare154_v2_epd.o
    0x200022e5   COMPRESSED   0x00000003   PAD
    0x200022e8   COMPRESSED   0x0000000c   Data   RW          688    .data               sd_card_app.o
    0x200022f4   COMPRESSED   0x00000008   Data   RW          888    .data               diskio_blkdev.o
    0x200022fc   COMPRESSED   0x00000008   Data   RW         1005    .data               ff.o
    0x20002304   COMPRESSED   0x00000008   Data   RW         1334    .data               ble_conn_params.o
    0x2000230c   COMPRESSED   0x0000000c   Data   RW         1994    .data               nrf_drv_uart.o
    0x20002318   COMPRESSED   0x00000008   Data   RW         2107    .data               nrfx_clock.o
    0x20002320   COMPRESSED   0x00000008   Data   RW         2526    .data               nrfx_prs.o
    0x20002328   COMPRESSED   0x00000020   Data   RW         3028    .data               app_button.o
    0x20002348   COMPRESSED   0x00000014   Data   RW         3306    .data               app_timer.o
    0x2000235c   COMPRESSED   0x00000008   Data   RW         4029    .data               nrf_pwr_mgmt.o
    0x20002364   COMPRESSED   0x00000008   Data   RW         4448    .data               nrf_block_dev_sdc.o
    0x2000236c   COMPRESSED   0x00000018   Data   RW         4571    .data               nrf_log_backend_uart.o
    0x20002384   COMPRESSED   0x0000000c   Data   RW         4641    .data               nrf_log_default_backends.o
    0x20002390   COMPRESSED   0x00000008   Data   RW         4703    .data               nrf_log_frontend.o
    0x20002398   COMPRESSED   0x00000008   Data   RW         4704    .data               nrf_log_frontend.o
    0x200023a0   COMPRESSED   0x00000040   Data   RW         4866    .data               nrf_log_str_formatter.o
    0x200023e0   COMPRESSED   0x00000003   Data   RW         5288    .data               nrf_sdh.o
    0x200023e3   COMPRESSED   0x00000001   Data   RW         5406    .data               nrf_sdh_ble.o
    0x200023e4   COMPRESSED   0x00000004   Data   RW         5490    .data               system_nrf52.o
    0x200023e8   COMPRESSED   0x00000004   Data   RW         1652    log_dynamic_data    nrf_ble_gatt.o
    0x200023ec   COMPRESSED   0x00000004   Data   RW         1860    log_dynamic_data    nrf_drv_clock.o
    0x200023f0   COMPRESSED   0x00000004   Data   RW         2109    log_dynamic_data    nrfx_clock.o
    0x200023f4   COMPRESSED   0x00000004   Data   RW         2267    log_dynamic_data    nrfx_gpiote.o
    0x200023f8   COMPRESSED   0x00000004   Data   RW         2528    log_dynamic_data    nrfx_prs.o
    0x200023fc   COMPRESSED   0x00000004   Data   RW         2604    log_dynamic_data    nrfx_uart.o
    0x20002400   COMPRESSED   0x00000004   Data   RW         2787    log_dynamic_data    nrfx_uarte.o
    0x20002404   COMPRESSED   0x00000004   Data   RW         2927    log_dynamic_data    nrfx_spi.o
    0x20002408   COMPRESSED   0x00000004   Data   RW         4031    log_dynamic_data    nrf_pwr_mgmt.o
    0x2000240c   COMPRESSED   0x00000004   Data   RW         4182    log_dynamic_data    nrf_gfx.o
    0x20002410   COMPRESSED   0x00000008   Data   RW         4706    log_dynamic_data    nrf_log_frontend.o
    0x20002418   COMPRESSED   0x00000004   Data   RW         5290    log_dynamic_data    nrf_sdh.o
    0x2000241c   COMPRESSED   0x00000004   Data   RW         5408    log_dynamic_data    nrf_sdh_ble.o
    0x20002420   COMPRESSED   0x00000004   Data   RW         5454    log_dynamic_data    nrf_sdh_soc.o
    0x20002424        -       0x00000048   Zero   RW           16    .bss                main.o
    0x2000246c        -       0x0000001f   Zero   RW           17    .bss                main.o
    0x2000248b        -       0x0000001f   Zero   RW           18    .bss                main.o
    0x200024aa        -       0x00001388   Zero   RW          526    .bss                waveshare154_v2_epd.o
    0x20003832   COMPRESSED   0x00000002   PAD
    0x20003834        -       0x000008a8   Zero   RW          684    .bss                sd_card_app.o
    0x200040dc        -       0x0000001c   Zero   RW          685    .bss                sd_card_app.o
    0x200040f8        -       0x00000050   Zero   RW         1333    .bss                ble_conn_params.o
    0x20004148        -       0x00000078   Zero   RW         1436    .bss                ble_conn_state.o
    0x200041c0        -       0x00000014   Zero   RW         1853    .bss                nrf_drv_clock.o
    0x200041d4        -       0x00000018   Zero   RW         2045    .bss                nrf_drv_spi.o
    0x200041ec        -       0x0000005c   Zero   RW         2260    .bss                nrfx_gpiote.o
    0x20004248        -       0x0000002c   Zero   RW         2597    .bss                nrfx_uart.o
    0x20004274        -       0x00000024   Zero   RW         2780    .bss                nrfx_uarte.o
    0x20004298        -       0x0000002c   Zero   RW         2921    .bss                nrfx_spi.o
    0x200042c4        -       0x00000020   Zero   RW         3026    .bss                app_button.o
    0x200042e4        -       0x0000010c   Zero   RW         3304    .bss                app_timer.o
    0x200043f0        -       0x0000000c   Zero   RW         3457    .bss                app_util_platform.o
    0x200043fc        -       0x0000000c   Zero   RW         4025    .bss                nrf_pwr_mgmt.o
    0x20004408        -       0x0000005c   Zero   RW         4318    .bss                app_sdcard.o
    0x20004464        -       0x00000040   Zero   RW         4568    .bss                nrf_log_backend_uart.o
    0x200044a4        -       0x000000c0   Zero   RW         4700    .bss                nrf_log_frontend.o
    0x20004564        -       0x00000424   Zero   RW         4701    .bss                nrf_log_frontend.o
    0x20004988        -       0x00000288   Zero   RW         4942    .bss                segger_rtt.o
    0x20004c10        -       0x00002000   Zero   RW         5478    STACK               arm_startup_nrf52.o


==============================================================================

Image component sizes


      Code (inc. data)   RO Data    RW Data    ZI Data      Debug   Object Name

       488         46          8         32         32      49507   app_button.o
        22          0          0          0          0       3765   app_error.o
       124         40          0          0          0      38361   app_error_weak.o
      2968         88         32          0         92      42639   app_sdcard.o
      1510        118          6         20        268      49475   app_timer.o
       124         14          0          0         12       9666   app_util_platform.o
        36          8        512          0       8192        968   arm_startup_nrf52.o
      1226          0          0          0          0      36883   ble_advdata.o
       636         44          8          8         80      18267   ble_conn_params.o
       322          6          8          0        120       5661   ble_conn_state.o
       548          6         16          0          0       6991   ble_lbs.o
         8          0          0          0          0       1542   ble_srv_common.o
       192         16          8          0          0      14329   boards.o
       610         44          0          8          0      12601   diskio_blkdev.o
      3960         64          0          8          0      33648   ff.o
         0          0       5000          0          0        815   img.o
      1356        326      12553         44        134     147292   main.o
        64          0          0          0          0       3132   nrf_atflags.o
       306          0          0          0          0       8439   nrf_atomic.o
       164          0          0          0          0       3812   nrf_balloc.o
       894        254        205          4          0      37760   nrf_ble_gatt.o
       276          0          0          0          0       6461   nrf_ble_qwr.o
       628         48         96          8          0      12707   nrf_block_dev_sdc.o
       276         34         30          4         20      42098   nrf_drv_clock.o
        96         14          0          0         24      16031   nrf_drv_spi.o
       200         26          0         12          0      18104   nrf_drv_uart.o
        50          0          0          0          0       3701   nrf_fprintf.o
       850          4         16          0          0       5690   nrf_fprintf_format.o
      1072          0         12          4          0      14724   nrf_gfx.o
       200          0          0          0          0      11719   nrf_log_backend_serial.o
       232         44         44         24         64      21742   nrf_log_backend_uart.o
        28          6          0         12          0       3367   nrf_log_default_backends.o
      1490        118         64         24       1252      30845   nrf_log_frontend.o
       566        108        102         64          0       6048   nrf_log_str_formatter.o
       330          0          0          0          0       8531   nrf_memobj.o
       108         16         53         12         12      38055   nrf_pwr_mgmt.o
       492         46        104          7          0      41483   nrf_sdh.o
       676        222        468          5          0       6197   nrf_sdh_ble.o
        60          4         56          4          0       2704   nrf_sdh_soc.o
        78          0          0          0          0       2948   nrf_section_iter.o
        76         10       1319          0          0       2911   nrf_strerror.o
       222         28         14         12          0      41868   nrfx_clock.o
      1298         98         19          4         92      60653   nrfx_gpiote.o
       112         16         12         12          0       4828   nrfx_prs.o
       988         26         16          4         44      19453   nrfx_spi.o
      1292         40         17          4         44      32314   nrfx_uart.o
      1134         44         18          4         36      25305   nrfx_uarte.o
       440         50         32          0          0      85458   safecity_service.o
       468        250         47         12       2244      12887   sd_card_app.o
       460         40          0          0        648      10535   segger_rtt.o
       900          6         16          0          0       6685   segger_rtt_printf.o
       796         70          0          4          0       3071   system_nrf52.o
      1074        156         40          1       5000      34714   waveshare154_v2_epd.o

    ----------------------------------------------------------------------
     32586       2598      21028        364      18412    1159390   Object Totals
         0          0         32          0          0          0   (incl. Generated)
        60          0         45          3          2          0   (incl. Padding)

    ----------------------------------------------------------------------

      Code (inc. data)   RO Data    RW Data    ZI Data      Debug   Library Member Name

        86          0          0          0          0          0   __dczerorl2.o
         8          4        133          0          0         68   ctype_o.o
         0          0          0          0          0          0   entry.o
         0          0          0          0          0          0   entry10a.o
         0          0          0          0          0          0   entry11a.o
         8          4          0          0          0          0   entry2.o
         4          0          0          0          0          0   entry5.o
         0          0          0          0          0          0   entry7b.o
         0          0          0          0          0          0   entry8b.o
         8          4          0          0          0          0   entry9a.o
        30          0          0          0          0          0   handlers.o
        36          8          0          0          0         68   init.o
        30          0          0          0          0         68   llshl.o
        36          0          0          0          0         68   memcpya.o
        36          0          0          0          0        108   memseta.o
        18          0          0          0          0         68   strcpy.o
        14          0          0          0          0         68   strlen.o

    ----------------------------------------------------------------------
       318         20        136          0          0        516   Library Totals
         4          0          3          0          0          0   (incl. Padding)

    ----------------------------------------------------------------------

      Code (inc. data)   RO Data    RW Data    ZI Data      Debug   Library Name

       314         20        133          0          0        516   mc_w.l

    ----------------------------------------------------------------------
       318         20        136          0          0        516   Library Totals

    ----------------------------------------------------------------------

==============================================================================


      Code (inc. data)   RO Data    RW Data    ZI Data      Debug   

     32904       2618      21164        364      18412    1125134   Grand Totals
     32904       2618      21164        104      18412    1125134   ELF Image Totals (compressed)
     32904       2618      21164        104          0          0   ROM Totals

==============================================================================

    Total RO  Size (Code + RO Data)                54068 (  52.80kB)
    Total RW  Size (RW Data + ZI Data)             18776 (  18.34kB)
    Total ROM Size (Code + RO Data + RW Data)      54172 (  52.90kB)

==============================================================================

